
*** Running vivado
    with args -log top.vdi -applog -m64 -product Vivado -messageDb vivado.pb -mode batch -source top.tcl -notrace


****** Vivado v2018.2 (64-bit)
  **** SW Build 2258646 on Thu Jun 14 20:03:12 MDT 2018
  **** IP Build 2256618 on Thu Jun 14 22:10:49 MDT 2018
    ** Copyright 1986-2018 Xilinx, Inc. All Rights Reserved.

source top.tcl -notrace
Command: link_design -top top -part xc7a35tcpg236-1
Design is defaulting to srcset: sources_1
Design is defaulting to constrset: constrs_1
INFO: [Project 1-454] Reading design checkpoint 'c:/Mowahhid/Projects_Repo/basys3_video_processor/fpga/video-processor/video-processor.srcs/sources_1/ip/clk_wiz_0/clk_wiz_0.dcp' for cell 'clk_gen'
INFO: [Netlist 29-17] Analyzing 53 Unisim elements for replacement
INFO: [Netlist 29-28] Unisim Transformation completed in 0 CPU seconds
INFO: [Project 1-479] Netlist was created with Vivado 2018.2
INFO: [Device 21-403] Loading part xc7a35tcpg236-1
INFO: [Project 1-570] Preparing netlist for logic optimization
Parsing XDC File [c:/Mowahhid/Projects_Repo/basys3_video_processor/fpga/video-processor/video-processor.srcs/sources_1/ip/clk_wiz_0/clk_wiz_0_board.xdc] for cell 'clk_gen/inst'
Finished Parsing XDC File [c:/Mowahhid/Projects_Repo/basys3_video_processor/fpga/video-processor/video-processor.srcs/sources_1/ip/clk_wiz_0/clk_wiz_0_board.xdc] for cell 'clk_gen/inst'
Parsing XDC File [c:/Mowahhid/Projects_Repo/basys3_video_processor/fpga/video-processor/video-processor.srcs/sources_1/ip/clk_wiz_0/clk_wiz_0.xdc] for cell 'clk_gen/inst'
INFO: [Timing 38-35] Done setting XDC timing constraints. [c:/Mowahhid/Projects_Repo/basys3_video_processor/fpga/video-processor/video-processor.srcs/sources_1/ip/clk_wiz_0/clk_wiz_0.xdc:57]
INFO: [Timing 38-2] Deriving generated clocks [c:/Mowahhid/Projects_Repo/basys3_video_processor/fpga/video-processor/video-processor.srcs/sources_1/ip/clk_wiz_0/clk_wiz_0.xdc:57]
get_clocks: Time (s): cpu = 00:00:03 ; elapsed = 00:00:06 . Memory (MB): peak = 1234.094 ; gain = 563.820
Finished Parsing XDC File [c:/Mowahhid/Projects_Repo/basys3_video_processor/fpga/video-processor/video-processor.srcs/sources_1/ip/clk_wiz_0/clk_wiz_0.xdc] for cell 'clk_gen/inst'
Parsing XDC File [C:/Mowahhid/Projects_Repo/basys3_video_processor/fpga/video-processor/video-processor.srcs/constrs_1/new/fpga-xdc.xdc]
Finished Parsing XDC File [C:/Mowahhid/Projects_Repo/basys3_video_processor/fpga/video-processor/video-processor.srcs/constrs_1/new/fpga-xdc.xdc]
INFO: [Opt 31-138] Pushed 0 inverter(s) to 0 load pin(s).
INFO: [Project 1-111] Unisim Transformation Summary:
No Unisim elements were transformed.

10 Infos, 0 Warnings, 0 Critical Warnings and 0 Errors encountered.
link_design completed successfully
link_design: Time (s): cpu = 00:00:06 ; elapsed = 00:00:12 . Memory (MB): peak = 1234.094 ; gain = 897.461
Command: opt_design
Attempting to get a license for feature 'Implementation' and/or device 'xc7a35t'
INFO: [Common 17-349] Got license for feature 'Implementation' and/or device 'xc7a35t'
Running DRC as a precondition to command opt_design

Starting DRC Task
INFO: [DRC 23-27] Running DRC with 2 threads
INFO: [Project 1-461] DRC finished with 0 Errors
INFO: [Project 1-462] Please refer to the DRC report (report_drc) for more information.

Time (s): cpu = 00:00:01 ; elapsed = 00:00:00.441 . Memory (MB): peak = 1234.094 ; gain = 0.000

Starting Cache Timing Information Task
INFO: [Timing 38-35] Done setting XDC timing constraints.
INFO: [Timing 38-2] Deriving generated clocks
Ending Cache Timing Information Task | Checksum: 1e4f46f67

Time (s): cpu = 00:00:00 ; elapsed = 00:00:00.043 . Memory (MB): peak = 1251.512 ; gain = 17.418

Starting Logic Optimization Task

Phase 1 Retarget
INFO: [Opt 31-138] Pushed 0 inverter(s) to 0 load pin(s).
INFO: [Opt 31-49] Retargeted 0 cell(s).
Phase 1 Retarget | Checksum: 1c48bf878

Time (s): cpu = 00:00:00 ; elapsed = 00:00:00.034 . Memory (MB): peak = 1251.512 ; gain = 0.000
INFO: [Opt 31-389] Phase Retarget created 0 cells and removed 0 cells

Phase 2 Constant propagation
INFO: [Opt 31-138] Pushed 0 inverter(s) to 0 load pin(s).
Phase 2 Constant propagation | Checksum: 18bdfcec9

Time (s): cpu = 00:00:00 ; elapsed = 00:00:00.041 . Memory (MB): peak = 1251.512 ; gain = 0.000
INFO: [Opt 31-389] Phase Constant propagation created 0 cells and removed 0 cells

Phase 3 Sweep
Phase 3 Sweep | Checksum: 1b4a96d59

Time (s): cpu = 00:00:00 ; elapsed = 00:00:00.055 . Memory (MB): peak = 1251.512 ; gain = 0.000
INFO: [Opt 31-389] Phase Sweep created 2 cells and removed 0 cells

Phase 4 BUFG optimization
Phase 4 BUFG optimization | Checksum: 1b4a96d59

Time (s): cpu = 00:00:00 ; elapsed = 00:00:00.078 . Memory (MB): peak = 1251.512 ; gain = 0.000
INFO: [Opt 31-662] Phase BUFG optimization created 0 cells of which 0 are BUFGs and removed 0 cells.

Phase 5 Shift Register Optimization
Phase 5 Shift Register Optimization | Checksum: 2286b3dab

Time (s): cpu = 00:00:00 ; elapsed = 00:00:00.090 . Memory (MB): peak = 1251.512 ; gain = 0.000
INFO: [Opt 31-389] Phase Shift Register Optimization created 0 cells and removed 0 cells

Phase 6 Post Processing Netlist
Phase 6 Post Processing Netlist | Checksum: 1db9b7507

Time (s): cpu = 00:00:00 ; elapsed = 00:00:00.092 . Memory (MB): peak = 1251.512 ; gain = 0.000
INFO: [Opt 31-389] Phase Post Processing Netlist created 0 cells and removed 0 cells

Starting Connectivity Check Task

Time (s): cpu = 00:00:00 ; elapsed = 00:00:00.001 . Memory (MB): peak = 1251.512 ; gain = 0.000
Ending Logic Optimization Task | Checksum: 1db9b7507

Time (s): cpu = 00:00:00 ; elapsed = 00:00:00.094 . Memory (MB): peak = 1251.512 ; gain = 0.000

Starting Power Optimization Task
INFO: [Pwropt 34-132] Skipping clock gating for clocks with a period < 2.00 ns.
INFO: [Timing 38-35] Done setting XDC timing constraints.
INFO: [Physopt 32-619] Estimated Timing Summary | WNS=-1.205 | TNS=-1.205 |
Running Vector-less Activity Propagation...

Finished Running Vector-less Activity Propagation
INFO: [Pwropt 34-9] Applying IDT optimizations ...
INFO: [Pwropt 34-10] Applying ODC optimizations ...


Starting PowerOpt Patch Enables Task
INFO: [Pwropt 34-162] WRITE_MODE attribute of 0 BRAM(s) out of a total of 30 has been updated to save power. Run report_power_opt to get a complete listing of the BRAMs updated.
INFO: [Pwropt 34-201] Structural ODC has moved 0 WE to EN ports
Number of BRAM Ports augmented: 24 newly gated: 0 Total Ports: 60
Ending PowerOpt Patch Enables Task | Checksum: 1386e3a01

Time (s): cpu = 00:00:00 ; elapsed = 00:00:00.075 . Memory (MB): peak = 1404.387 ; gain = 0.000
Ending Power Optimization Task | Checksum: 1386e3a01

Time (s): cpu = 00:00:01 ; elapsed = 00:00:02 . Memory (MB): peak = 1404.387 ; gain = 152.875

Starting Final Cleanup Task
Ending Final Cleanup Task | Checksum: 1386e3a01

Time (s): cpu = 00:00:00 ; elapsed = 00:00:00 . Memory (MB): peak = 1404.387 ; gain = 0.000
INFO: [Common 17-83] Releasing license: Implementation
33 Infos, 0 Warnings, 0 Critical Warnings and 0 Errors encountered.
opt_design completed successfully
INFO: [Timing 38-480] Writing timing data to binary archive.
Writing placer database...
Writing XDEF routing.
Writing XDEF routing logical nets.
Writing XDEF routing special nets.
Write XDEF Complete: Time (s): cpu = 00:00:00 ; elapsed = 00:00:00.018 . Memory (MB): peak = 1404.387 ; gain = 0.000
INFO: [Common 17-1381] The checkpoint 'C:/Mowahhid/Projects_Repo/basys3_video_processor/fpga/video-processor/video-processor.runs/impl_1/top_opt.dcp' has been generated.
INFO: [runtcl-4] Executing : report_drc -file top_drc_opted.rpt -pb top_drc_opted.pb -rpx top_drc_opted.rpx
Command: report_drc -file top_drc_opted.rpt -pb top_drc_opted.pb -rpx top_drc_opted.rpx
INFO: [DRC 23-27] Running DRC with 2 threads
INFO: [Coretcl 2-168] The results of DRC are in file C:/Mowahhid/Projects_Repo/basys3_video_processor/fpga/video-processor/video-processor.runs/impl_1/top_drc_opted.rpt.
report_drc completed successfully
Command: place_design
Attempting to get a license for feature 'Implementation' and/or device 'xc7a35t'
INFO: [Common 17-349] Got license for feature 'Implementation' and/or device 'xc7a35t'
INFO: [DRC 23-27] Running DRC with 2 threads
INFO: [Vivado_Tcl 4-198] DRC finished with 0 Errors
INFO: [Vivado_Tcl 4-199] Please refer to the DRC report (report_drc) for more information.
Running DRC as a precondition to command place_design
INFO: [DRC 23-27] Running DRC with 2 threads
WARNING: [DRC CHECK-3] Report rule limit reached: REQP-1839 rule limit reached: 20 violations have been found.
WARNING: [DRC REQP-1839] RAMB36 async control check: The RAMB36E1 u_ping_pong/ram_reg_0_2 has an input control pin u_ping_pong/ram_reg_0_2/ADDRBWRADDR[14] (net: u_ping_pong/rd_addr_final[14]) which is driven by a register (u_vga/h_count_reg[7]) that has an active asychronous set or reset. This may cause corruption of the memory contents and/or read values when the set/reset is asserted and is not analyzed by the default static timing analysis. It is suggested to eliminate the use of a set/reset to registers driving this RAMB pin or else use a synchronous reset in which the assertion of the reset is timed by default.
WARNING: [DRC REQP-1839] RAMB36 async control check: The RAMB36E1 u_ping_pong/ram_reg_0_2 has an input control pin u_ping_pong/ram_reg_0_2/ADDRBWRADDR[14] (net: u_ping_pong/rd_addr_final[14]) which is driven by a register (u_vga/h_count_reg[8]) that has an active asychronous set or reset. This may cause corruption of the memory contents and/or read values when the set/reset is asserted and is not analyzed by the default static timing analysis. It is suggested to eliminate the use of a set/reset to registers driving this RAMB pin or else use a synchronous reset in which the assertion of the reset is timed by default.
WARNING: [DRC REQP-1839] RAMB36 async control check: The RAMB36E1 u_ping_pong/ram_reg_0_2 has an input control pin u_ping_pong/ram_reg_0_2/ADDRBWRADDR[14] (net: u_ping_pong/rd_addr_final[14]) which is driven by a register (u_vga/h_count_reg[9]) that has an active asychronous set or reset. This may cause corruption of the memory contents and/or read values when the set/reset is asserted and is not analyzed by the default static timing analysis. It is suggested to eliminate the use of a set/reset to registers driving this RAMB pin or else use a synchronous reset in which the assertion of the reset is timed by default.
WARNING: [DRC REQP-1839] RAMB36 async control check: The RAMB36E1 u_ping_pong/ram_reg_0_2 has an input control pin u_ping_pong/ram_reg_0_2/ADDRBWRADDR[14] (net: u_ping_pong/rd_addr_final[14]) which is driven by a register (u_vga/v_count_reg[1]) that has an active asychronous set or reset. This may cause corruption of the memory contents and/or read values when the set/reset is asserted and is not analyzed by the default static timing analysis. It is suggested to eliminate the use of a set/reset to registers driving this RAMB pin or else use a synchronous reset in which the assertion of the reset is timed by default.
WARNING: [DRC REQP-1839] RAMB36 async control check: The RAMB36E1 u_ping_pong/ram_reg_0_2 has an input control pin u_ping_pong/ram_reg_0_2/ADDRBWRADDR[14] (net: u_ping_pong/rd_addr_final[14]) which is driven by a register (u_vga/v_count_reg[2]) that has an active asychronous set or reset. This may cause corruption of the memory contents and/or read values when the set/reset is asserted and is not analyzed by the default static timing analysis. It is suggested to eliminate the use of a set/reset to registers driving this RAMB pin or else use a synchronous reset in which the assertion of the reset is timed by default.
WARNING: [DRC REQP-1839] RAMB36 async control check: The RAMB36E1 u_ping_pong/ram_reg_0_2 has an input control pin u_ping_pong/ram_reg_0_2/ADDRBWRADDR[14] (net: u_ping_pong/rd_addr_final[14]) which is driven by a register (u_vga/v_count_reg[4]) that has an active asychronous set or reset. This may cause corruption of the memory contents and/or read values when the set/reset is asserted and is not analyzed by the default static timing analysis. It is suggested to eliminate the use of a set/reset to registers driving this RAMB pin or else use a synchronous reset in which the assertion of the reset is timed by default.
WARNING: [DRC REQP-1839] RAMB36 async control check: The RAMB36E1 u_ping_pong/ram_reg_0_2 has an input control pin u_ping_pong/ram_reg_0_2/ADDRBWRADDR[14] (net: u_ping_pong/rd_addr_final[14]) which is driven by a register (u_vga/v_count_reg[5]) that has an active asychronous set or reset. This may cause corruption of the memory contents and/or read values when the set/reset is asserted and is not analyzed by the default static timing analysis. It is suggested to eliminate the use of a set/reset to registers driving this RAMB pin or else use a synchronous reset in which the assertion of the reset is timed by default.
WARNING: [DRC REQP-1839] RAMB36 async control check: The RAMB36E1 u_ping_pong/ram_reg_0_2 has an input control pin u_ping_pong/ram_reg_0_2/ADDRBWRADDR[14] (net: u_ping_pong/rd_addr_final[14]) which is driven by a register (u_vga/v_count_reg[8]) that has an active asychronous set or reset. This may cause corruption of the memory contents and/or read values when the set/reset is asserted and is not analyzed by the default static timing analysis. It is suggested to eliminate the use of a set/reset to registers driving this RAMB pin or else use a synchronous reset in which the assertion of the reset is timed by default.
WARNING: [DRC REQP-1839] RAMB36 async control check: The RAMB36E1 u_ping_pong/ram_reg_0_2 has an input control pin u_ping_pong/ram_reg_0_2/ADDRBWRADDR[15] (net: u_ping_pong/rd_addr_final[15]) which is driven by a register (u_vga/h_count_reg[7]) that has an active asychronous set or reset. This may cause corruption of the memory contents and/or read values when the set/reset is asserted and is not analyzed by the default static timing analysis. It is suggested to eliminate the use of a set/reset to registers driving this RAMB pin or else use a synchronous reset in which the assertion of the reset is timed by default.
WARNING: [DRC REQP-1839] RAMB36 async control check: The RAMB36E1 u_ping_pong/ram_reg_0_2 has an input control pin u_ping_pong/ram_reg_0_2/ADDRBWRADDR[15] (net: u_ping_pong/rd_addr_final[15]) which is driven by a register (u_vga/h_count_reg[8]) that has an active asychronous set or reset. This may cause corruption of the memory contents and/or read values when the set/reset is asserted and is not analyzed by the default static timing analysis. It is suggested to eliminate the use of a set/reset to registers driving this RAMB pin or else use a synchronous reset in which the assertion of the reset is timed by default.
WARNING: [DRC REQP-1839] RAMB36 async control check: The RAMB36E1 u_ping_pong/ram_reg_0_2 has an input control pin u_ping_pong/ram_reg_0_2/ADDRBWRADDR[15] (net: u_ping_pong/rd_addr_final[15]) which is driven by a register (u_vga/h_count_reg[9]) that has an active asychronous set or reset. This may cause corruption of the memory contents and/or read values when the set/reset is asserted and is not analyzed by the default static timing analysis. It is suggested to eliminate the use of a set/reset to registers driving this RAMB pin or else use a synchronous reset in which the assertion of the reset is timed by default.
WARNING: [DRC REQP-1839] RAMB36 async control check: The RAMB36E1 u_ping_pong/ram_reg_0_2 has an input control pin u_ping_pong/ram_reg_0_2/ADDRBWRADDR[15] (net: u_ping_pong/rd_addr_final[15]) which is driven by a register (u_vga/v_count_reg[1]) that has an active asychronous set or reset. This may cause corruption of the memory contents and/or read values when the set/reset is asserted and is not analyzed by the default static timing analysis. It is suggested to eliminate the use of a set/reset to registers driving this RAMB pin or else use a synchronous reset in which the assertion of the reset is timed by default.
WARNING: [DRC REQP-1839] RAMB36 async control check: The RAMB36E1 u_ping_pong/ram_reg_0_2 has an input control pin u_ping_pong/ram_reg_0_2/ADDRBWRADDR[15] (net: u_ping_pong/rd_addr_final[15]) which is driven by a register (u_vga/v_count_reg[2]) that has an active asychronous set or reset. This may cause corruption of the memory contents and/or read values when the set/reset is asserted and is not analyzed by the default static timing analysis. It is suggested to eliminate the use of a set/reset to registers driving this RAMB pin or else use a synchronous reset in which the assertion of the reset is timed by default.
WARNING: [DRC REQP-1839] RAMB36 async control check: The RAMB36E1 u_ping_pong/ram_reg_0_2 has an input control pin u_ping_pong/ram_reg_0_2/ADDRBWRADDR[15] (net: u_ping_pong/rd_addr_final[15]) which is driven by a register (u_vga/v_count_reg[3]) that has an active asychronous set or reset. This may cause corruption of the memory contents and/or read values when the set/reset is asserted and is not analyzed by the default static timing analysis. It is suggested to eliminate the use of a set/reset to registers driving this RAMB pin or else use a synchronous reset in which the assertion of the reset is timed by default.
WARNING: [DRC REQP-1839] RAMB36 async control check: The RAMB36E1 u_ping_pong/ram_reg_0_2 has an input control pin u_ping_pong/ram_reg_0_2/ADDRBWRADDR[15] (net: u_ping_pong/rd_addr_final[15]) which is driven by a register (u_vga/v_count_reg[4]) that has an active asychronous set or reset. This may cause corruption of the memory contents and/or read values when the set/reset is asserted and is not analyzed by the default static timing analysis. It is suggested to eliminate the use of a set/reset to registers driving this RAMB pin or else use a synchronous reset in which the assertion of the reset is timed by default.
WARNING: [DRC REQP-1839] RAMB36 async control check: The RAMB36E1 u_ping_pong/ram_reg_0_2 has an input control pin u_ping_pong/ram_reg_0_2/ADDRBWRADDR[15] (net: u_ping_pong/rd_addr_final[15]) which is driven by a register (u_vga/v_count_reg[5]) that has an active asychronous set or reset. This may cause corruption of the memory contents and/or read values when the set/reset is asserted and is not analyzed by the default static timing analysis. It is suggested to eliminate the use of a set/reset to registers driving this RAMB pin or else use a synchronous reset in which the assertion of the reset is timed by default.
WARNING: [DRC REQP-1839] RAMB36 async control check: The RAMB36E1 u_ping_pong/ram_reg_0_2 has an input control pin u_ping_pong/ram_reg_0_2/ADDRBWRADDR[15] (net: u_ping_pong/rd_addr_final[15]) which is driven by a register (u_vga/v_count_reg[6]) that has an active asychronous set or reset. This may cause corruption of the memory contents and/or read values when the set/reset is asserted and is not analyzed by the default static timing analysis. It is suggested to eliminate the use of a set/reset to registers driving this RAMB pin or else use a synchronous reset in which the assertion of the reset is timed by default.
WARNING: [DRC REQP-1839] RAMB36 async control check: The RAMB36E1 u_ping_pong/ram_reg_0_2 has an input control pin u_ping_pong/ram_reg_0_2/ADDRBWRADDR[15] (net: u_ping_pong/rd_addr_final[15]) which is driven by a register (u_vga/v_count_reg[7]) that has an active asychronous set or reset. This may cause corruption of the memory contents and/or read values when the set/reset is asserted and is not analyzed by the default static timing analysis. It is suggested to eliminate the use of a set/reset to registers driving this RAMB pin or else use a synchronous reset in which the assertion of the reset is timed by default.
WARNING: [DRC REQP-1839] RAMB36 async control check: The RAMB36E1 u_ping_pong/ram_reg_0_2 has an input control pin u_ping_pong/ram_reg_0_2/ADDRBWRADDR[15] (net: u_ping_pong/rd_addr_final[15]) which is driven by a register (u_vga/v_count_reg[8]) that has an active asychronous set or reset. This may cause corruption of the memory contents and/or read values when the set/reset is asserted and is not analyzed by the default static timing analysis. It is suggested to eliminate the use of a set/reset to registers driving this RAMB pin or else use a synchronous reset in which the assertion of the reset is timed by default.
WARNING: [DRC REQP-1839] RAMB36 async control check: The RAMB36E1 u_ping_pong/ram_reg_0_2 has an input control pin u_ping_pong/ram_reg_0_2/ADDRBWRADDR[15] (net: u_ping_pong/rd_addr_final[15]) which is driven by a register (u_vga/v_count_reg[9]) that has an active asychronous set or reset. This may cause corruption of the memory contents and/or read values when the set/reset is asserted and is not analyzed by the default static timing analysis. It is suggested to eliminate the use of a set/reset to registers driving this RAMB pin or else use a synchronous reset in which the assertion of the reset is timed by default.
INFO: [Vivado_Tcl 4-198] DRC finished with 0 Errors, 21 Warnings
INFO: [Vivado_Tcl 4-199] Please refer to the DRC report (report_drc) for more information.

Starting Placer Task
INFO: [Place 30-611] Multithreading enabled for place_design using a maximum of 2 CPUs

Phase 1 Placer Initialization

Phase 1.1 Placer Initialization Netlist Sorting
Netlist sorting complete. Time (s): cpu = 00:00:00 ; elapsed = 00:00:00 . Memory (MB): peak = 1404.387 ; gain = 0.000
Phase 1.1 Placer Initialization Netlist Sorting | Checksum: 10d78e013

Time (s): cpu = 00:00:00 ; elapsed = 00:00:00.003 . Memory (MB): peak = 1404.387 ; gain = 0.000
INFO: [Timing 38-35] Done setting XDC timing constraints.
INFO: [Opt 31-138] Pushed 0 inverter(s) to 0 load pin(s).
Netlist sorting complete. Time (s): cpu = 00:00:00 ; elapsed = 00:00:00.001 . Memory (MB): peak = 1404.387 ; gain = 0.000

Phase 1.2 IO Placement/ Clock Placement/ Build Placer Device
INFO: [Timing 38-35] Done setting XDC timing constraints.
Phase 1.2 IO Placement/ Clock Placement/ Build Placer Device | Checksum: a65fb49c

Time (s): cpu = 00:00:01 ; elapsed = 00:00:00.402 . Memory (MB): peak = 1404.387 ; gain = 0.000

Phase 1.3 Build Placer Netlist Model
Phase 1.3 Build Placer Netlist Model | Checksum: e977d48e

Time (s): cpu = 00:00:01 ; elapsed = 00:00:00.558 . Memory (MB): peak = 1404.387 ; gain = 0.000

Phase 1.4 Constrain Clocks/Macros
Phase 1.4 Constrain Clocks/Macros | Checksum: e977d48e

Time (s): cpu = 00:00:01 ; elapsed = 00:00:00.560 . Memory (MB): peak = 1404.387 ; gain = 0.000
Phase 1 Placer Initialization | Checksum: e977d48e

Time (s): cpu = 00:00:01 ; elapsed = 00:00:00.561 . Memory (MB): peak = 1404.387 ; gain = 0.000

Phase 2 Global Placement

Phase 2.1 Floorplanning
Phase 2.1 Floorplanning | Checksum: 1501ef750

Time (s): cpu = 00:00:01 ; elapsed = 00:00:00.638 . Memory (MB): peak = 1404.387 ; gain = 0.000

Phase 2.2 Physical Synthesis In Placer
INFO: [Physopt 32-65] No nets found for high-fanout optimization.
INFO: [Physopt 32-232] Optimized 0 net. Created 0 new instance.
INFO: [Physopt 32-775] End 1 Pass. Optimized 0 net or cell. Created 0 new cell, deleted 0 existing cell and moved 0 existing cell
Netlist sorting complete. Time (s): cpu = 00:00:00 ; elapsed = 00:00:00 . Memory (MB): peak = 1404.387 ; gain = 0.000

Summary of Physical Synthesis Optimizations
============================================


-----------------------------------------------------------------------------------------------------------------------------
|  Optimization       |  Added Cells  |  Removed Cells  |  Optimized Cells/Nets  |  Dont Touch  |  Iterations  |  Elapsed   |
-----------------------------------------------------------------------------------------------------------------------------
|  Very High Fanout   |            0  |              0  |                     0  |           0  |           1  |  00:00:00  |
|  Total              |            0  |              0  |                     0  |           0  |           1  |  00:00:00  |
-----------------------------------------------------------------------------------------------------------------------------


Phase 2.2 Physical Synthesis In Placer | Checksum: 1f3a67dd4

Time (s): cpu = 00:00:01 ; elapsed = 00:00:02 . Memory (MB): peak = 1404.387 ; gain = 0.000
Phase 2 Global Placement | Checksum: 1c48ff451

Time (s): cpu = 00:00:01 ; elapsed = 00:00:02 . Memory (MB): peak = 1404.387 ; gain = 0.000

Phase 3 Detail Placement

Phase 3.1 Commit Multi Column Macros
Phase 3.1 Commit Multi Column Macros | Checksum: 1c48ff451

Time (s): cpu = 00:00:01 ; elapsed = 00:00:02 . Memory (MB): peak = 1404.387 ; gain = 0.000

Phase 3.2 Commit Most Macros & LUTRAMs
Phase 3.2 Commit Most Macros & LUTRAMs | Checksum: 1ca8613a3

Time (s): cpu = 00:00:02 ; elapsed = 00:00:03 . Memory (MB): peak = 1404.387 ; gain = 0.000

Phase 3.3 Area Swap Optimization
Phase 3.3 Area Swap Optimization | Checksum: 19e571efd

Time (s): cpu = 00:00:02 ; elapsed = 00:00:03 . Memory (MB): peak = 1404.387 ; gain = 0.000

Phase 3.4 Pipeline Register Optimization
Phase 3.4 Pipeline Register Optimization | Checksum: 19e571efd

Time (s): cpu = 00:00:02 ; elapsed = 00:00:03 . Memory (MB): peak = 1404.387 ; gain = 0.000

Phase 3.5 Timing Path Optimizer
Phase 3.5 Timing Path Optimizer | Checksum: 19e571efd

Time (s): cpu = 00:00:02 ; elapsed = 00:00:03 . Memory (MB): peak = 1404.387 ; gain = 0.000

Phase 3.6 Fast Optimization
Phase 3.6 Fast Optimization | Checksum: 19e571efd

Time (s): cpu = 00:00:02 ; elapsed = 00:00:03 . Memory (MB): peak = 1404.387 ; gain = 0.000

Phase 3.7 Small Shape Detail Placement
Phase 3.7 Small Shape Detail Placement | Checksum: 7a583807

Time (s): cpu = 00:00:02 ; elapsed = 00:00:03 . Memory (MB): peak = 1404.387 ; gain = 0.000

Phase 3.8 Re-assign LUT pins
Phase 3.8 Re-assign LUT pins | Checksum: 13d350bff

Time (s): cpu = 00:00:02 ; elapsed = 00:00:03 . Memory (MB): peak = 1404.387 ; gain = 0.000

Phase 3.9 Pipeline Register Optimization
Phase 3.9 Pipeline Register Optimization | Checksum: 13d350bff

Time (s): cpu = 00:00:02 ; elapsed = 00:00:03 . Memory (MB): peak = 1404.387 ; gain = 0.000

Phase 3.10 Fast Optimization
Phase 3.10 Fast Optimization | Checksum: 13d350bff

Time (s): cpu = 00:00:02 ; elapsed = 00:00:03 . Memory (MB): peak = 1404.387 ; gain = 0.000
Phase 3 Detail Placement | Checksum: 13d350bff

Time (s): cpu = 00:00:02 ; elapsed = 00:00:03 . Memory (MB): peak = 1404.387 ; gain = 0.000

Phase 4 Post Placement Optimization and Clean-Up

Phase 4.1 Post Commit Optimization
INFO: [Timing 38-35] Done setting XDC timing constraints.

Phase 4.1.1 Post Placement Optimization
Post Placement Optimization Initialization | Checksum: 13e1bce70

Phase 4.1.1.1 BUFG Insertion
INFO: [Place 46-31] BUFG insertion identified 0 candidate nets, 0 success, 0 skipped for placement/routing, 0 skipped for timing, 0 skipped for netlist change reason.
Phase 4.1.1.1 BUFG Insertion | Checksum: 13e1bce70

Time (s): cpu = 00:00:02 ; elapsed = 00:00:03 . Memory (MB): peak = 1404.387 ; gain = 0.000
INFO: [Place 30-746] Post Placement Timing Summary WNS=-1.057. For the most accurate timing information please run report_timing.
Phase 4.1.1 Post Placement Optimization | Checksum: 12b9c64df

Time (s): cpu = 00:00:02 ; elapsed = 00:00:04 . Memory (MB): peak = 1404.387 ; gain = 0.000
Phase 4.1 Post Commit Optimization | Checksum: 12b9c64df

Time (s): cpu = 00:00:02 ; elapsed = 00:00:04 . Memory (MB): peak = 1404.387 ; gain = 0.000

Phase 4.2 Post Placement Cleanup
Phase 4.2 Post Placement Cleanup | Checksum: 12b9c64df

Time (s): cpu = 00:00:02 ; elapsed = 00:00:04 . Memory (MB): peak = 1404.387 ; gain = 0.000

Phase 4.3 Placer Reporting
Phase 4.3 Placer Reporting | Checksum: 12b9c64df

Time (s): cpu = 00:00:02 ; elapsed = 00:00:04 . Memory (MB): peak = 1404.387 ; gain = 0.000

Phase 4.4 Final Placement Cleanup
Phase 4.4 Final Placement Cleanup | Checksum: 15dd39b79

Time (s): cpu = 00:00:02 ; elapsed = 00:00:04 . Memory (MB): peak = 1404.387 ; gain = 0.000
Phase 4 Post Placement Optimization and Clean-Up | Checksum: 15dd39b79

Time (s): cpu = 00:00:02 ; elapsed = 00:00:04 . Memory (MB): peak = 1404.387 ; gain = 0.000
Ending Placer Task | Checksum: 1333f0ee8

Time (s): cpu = 00:00:02 ; elapsed = 00:00:04 . Memory (MB): peak = 1404.387 ; gain = 0.000
INFO: [Common 17-83] Releasing license: Implementation
56 Infos, 21 Warnings, 0 Critical Warnings and 0 Errors encountered.
place_design completed successfully
INFO: [Timing 38-480] Writing timing data to binary archive.
Writing placer database...
Writing XDEF routing.
Writing XDEF routing logical nets.
Writing XDEF routing special nets.
Write XDEF Complete: Time (s): cpu = 00:00:00 ; elapsed = 00:00:00.051 . Memory (MB): peak = 1404.387 ; gain = 0.000
INFO: [Common 17-1381] The checkpoint 'C:/Mowahhid/Projects_Repo/basys3_video_processor/fpga/video-processor/video-processor.runs/impl_1/top_placed.dcp' has been generated.
INFO: [runtcl-4] Executing : report_io -file top_io_placed.rpt
report_io: Time (s): cpu = 00:00:00 ; elapsed = 00:00:00.019 . Memory (MB): peak = 1404.387 ; gain = 0.000
INFO: [runtcl-4] Executing : report_utilization -file top_utilization_placed.rpt -pb top_utilization_placed.pb
report_utilization: Time (s): cpu = 00:00:00 ; elapsed = 00:00:00.015 . Memory (MB): peak = 1404.387 ; gain = 0.000
INFO: [runtcl-4] Executing : report_control_sets -verbose -file top_control_sets_placed.rpt
report_control_sets: Time (s): cpu = 00:00:00 ; elapsed = 00:00:00.002 . Memory (MB): peak = 1404.387 ; gain = 0.000
Command: route_design
Attempting to get a license for feature 'Implementation' and/or device 'xc7a35t'
INFO: [Common 17-349] Got license for feature 'Implementation' and/or device 'xc7a35t'
Running DRC as a precondition to command route_design
INFO: [DRC 23-27] Running DRC with 2 threads
INFO: [Vivado_Tcl 4-198] DRC finished with 0 Errors
INFO: [Vivado_Tcl 4-199] Please refer to the DRC report (report_drc) for more information.


Starting Routing Task
INFO: [Route 35-254] Multithreading enabled for route_design using a maximum of 2 CPUs
Checksum: PlaceDB: f480690e ConstDB: 0 ShapeSum: 3ebea5da RouteDB: 0

Phase 1 Build RT Design
Phase 1 Build RT Design | Checksum: 13967feef

Time (s): cpu = 00:00:07 ; elapsed = 00:00:10 . Memory (MB): peak = 1404.387 ; gain = 0.000
Post Restoration Checksum: NetGraph: aa369fa3 NumContArr: 8f315f4c Constraints: 0 Timing: 0

Phase 2 Router Initialization

Phase 2.1 Create Timer
Phase 2.1 Create Timer | Checksum: 13967feef

Time (s): cpu = 00:00:07 ; elapsed = 00:00:10 . Memory (MB): peak = 1404.387 ; gain = 0.000

Phase 2.2 Fix Topology Constraints
Phase 2.2 Fix Topology Constraints | Checksum: 13967feef

Time (s): cpu = 00:00:07 ; elapsed = 00:00:10 . Memory (MB): peak = 1404.387 ; gain = 0.000

Phase 2.3 Pre Route Cleanup
Phase 2.3 Pre Route Cleanup | Checksum: 13967feef

Time (s): cpu = 00:00:07 ; elapsed = 00:00:10 . Memory (MB): peak = 1404.387 ; gain = 0.000
 Number of Nodes with overlaps = 0

Phase 2.4 Update Timing
Phase 2.4 Update Timing | Checksum: fbe71424

Time (s): cpu = 00:00:07 ; elapsed = 00:00:10 . Memory (MB): peak = 1404.387 ; gain = 0.000
INFO: [Route 35-416] Intermediate Timing Summary | WNS=-1.007 | TNS=-1.007 | WHS=-0.339 | THS=-23.026|

Phase 2 Router Initialization | Checksum: 13024ebd3

Time (s): cpu = 00:00:07 ; elapsed = 00:00:10 . Memory (MB): peak = 1404.387 ; gain = 0.000

Phase 3 Initial Routing
Phase 3 Initial Routing | Checksum: 23d003d4f

Time (s): cpu = 00:00:07 ; elapsed = 00:00:10 . Memory (MB): peak = 1404.387 ; gain = 0.000

Phase 4 Rip-up And Reroute

Phase 4.1 Global Iteration 0
 Number of Nodes with overlaps = 19
 Number of Nodes with overlaps = 0
INFO: [Route 35-416] Intermediate Timing Summary | WNS=-2.053 | TNS=-2.053 | WHS=N/A    | THS=N/A    |

Phase 4.1 Global Iteration 0 | Checksum: 16e79b595

Time (s): cpu = 00:00:07 ; elapsed = 00:00:11 . Memory (MB): peak = 1404.387 ; gain = 0.000
Phase 4 Rip-up And Reroute | Checksum: 16e79b595

Time (s): cpu = 00:00:07 ; elapsed = 00:00:11 . Memory (MB): peak = 1404.387 ; gain = 0.000

Phase 5 Delay and Skew Optimization

Phase 5.1 Delay CleanUp

Phase 5.1.1 Update Timing
Phase 5.1.1 Update Timing | Checksum: 1263a2ef2

Time (s): cpu = 00:00:07 ; elapsed = 00:00:11 . Memory (MB): peak = 1404.387 ; gain = 0.000
INFO: [Route 35-416] Intermediate Timing Summary | WNS=-2.053 | TNS=-2.053 | WHS=N/A    | THS=N/A    |

Phase 5.1 Delay CleanUp | Checksum: 1263a2ef2

Time (s): cpu = 00:00:07 ; elapsed = 00:00:11 . Memory (MB): peak = 1404.387 ; gain = 0.000

Phase 5.2 Clock Skew Optimization
Phase 5.2 Clock Skew Optimization | Checksum: 1263a2ef2

Time (s): cpu = 00:00:07 ; elapsed = 00:00:11 . Memory (MB): peak = 1404.387 ; gain = 0.000
Phase 5 Delay and Skew Optimization | Checksum: 1263a2ef2

Time (s): cpu = 00:00:07 ; elapsed = 00:00:11 . Memory (MB): peak = 1404.387 ; gain = 0.000

Phase 6 Post Hold Fix

Phase 6.1 Hold Fix Iter

Phase 6.1.1 Update Timing
Phase 6.1.1 Update Timing | Checksum: 1bc4873b3

Time (s): cpu = 00:00:08 ; elapsed = 00:00:11 . Memory (MB): peak = 1404.387 ; gain = 0.000
INFO: [Route 35-416] Intermediate Timing Summary | WNS=-2.053 | TNS=-2.053 | WHS=0.072  | THS=0.000  |

Phase 6.1 Hold Fix Iter | Checksum: 1f5f0b7ad

Time (s): cpu = 00:00:08 ; elapsed = 00:00:11 . Memory (MB): peak = 1404.387 ; gain = 0.000
Phase 6 Post Hold Fix | Checksum: 1f5f0b7ad

Time (s): cpu = 00:00:08 ; elapsed = 00:00:11 . Memory (MB): peak = 1404.387 ; gain = 0.000

Phase 7 Route finalize

Router Utilization Summary
  Global Vertical Routing Utilization    = 0.259746 %
  Global Horizontal Routing Utilization  = 0.335763 %
  Routable Net Status*
  *Does not include unroutable nets such as driverless and loadless.
  Run report_route_status for detailed report.
  Number of Failed Nets               = 0
  Number of Unrouted Nets             = 0
  Number of Partially Routed Nets     = 0
  Number of Node Overlaps             = 0

Congestion Report
North Dir 1x1 Area, Max Cong = 23.4234%, No Congested Regions.
South Dir 1x1 Area, Max Cong = 27.027%, No Congested Regions.
East Dir 1x1 Area, Max Cong = 22.0588%, No Congested Regions.
West Dir 1x1 Area, Max Cong = 41.1765%, No Congested Regions.

------------------------------
Reporting congestion hotspots
------------------------------
Direction: North
----------------
Congested clusters found at Level 0
Effective congestion level: 0 Aspect Ratio: 1 Sparse Ratio: 0
Direction: South
----------------
Congested clusters found at Level 0
Effective congestion level: 0 Aspect Ratio: 1 Sparse Ratio: 0
Direction: East
----------------
Congested clusters found at Level 0
Effective congestion level: 0 Aspect Ratio: 1 Sparse Ratio: 0
Direction: West
----------------
Congested clusters found at Level 0
Effective congestion level: 0 Aspect Ratio: 1 Sparse Ratio: 0

Phase 7 Route finalize | Checksum: 16f7a6b14

Time (s): cpu = 00:00:08 ; elapsed = 00:00:11 . Memory (MB): peak = 1404.387 ; gain = 0.000

Phase 8 Verifying routed nets

 Verification completed successfully
Phase 8 Verifying routed nets | Checksum: 16f7a6b14

Time (s): cpu = 00:00:08 ; elapsed = 00:00:11 . Memory (MB): peak = 1404.387 ; gain = 0.000

Phase 9 Depositing Routes
Phase 9 Depositing Routes | Checksum: 14422f2cb

Time (s): cpu = 00:00:08 ; elapsed = 00:00:11 . Memory (MB): peak = 1404.387 ; gain = 0.000

Phase 10 Post Router Timing
INFO: [Route 35-57] Estimated Timing Summary | WNS=-2.053 | TNS=-2.053 | WHS=0.072  | THS=0.000  |

WARNING: [Route 35-328] Router estimated timing not met.
Resolution: For a complete and accurate timing signoff, report_timing_summary must be run after route_design. Alternatively, route_design can be run with the -timing_summary option to enable a complete timing signoff at the end of route_design.
Phase 10 Post Router Timing | Checksum: 14422f2cb

Time (s): cpu = 00:00:08 ; elapsed = 00:00:11 . Memory (MB): peak = 1404.387 ; gain = 0.000
INFO: [Route 35-16] Router Completed Successfully

Time (s): cpu = 00:00:08 ; elapsed = 00:00:11 . Memory (MB): peak = 1404.387 ; gain = 0.000

Routing Is Done.
INFO: [Common 17-83] Releasing license: Implementation
73 Infos, 22 Warnings, 0 Critical Warnings and 0 Errors encountered.
route_design completed successfully
route_design: Time (s): cpu = 00:00:08 ; elapsed = 00:00:11 . Memory (MB): peak = 1404.387 ; gain = 0.000
INFO: [Timing 38-480] Writing timing data to binary archive.
Writing placer database...
Writing XDEF routing.
Writing XDEF routing logical nets.
Writing XDEF routing special nets.
Write XDEF Complete: Time (s): cpu = 00:00:00 ; elapsed = 00:00:00.069 . Memory (MB): peak = 1404.387 ; gain = 0.000
INFO: [Common 17-1381] The checkpoint 'C:/Mowahhid/Projects_Repo/basys3_video_processor/fpga/video-processor/video-processor.runs/impl_1/top_routed.dcp' has been generated.
INFO: [runtcl-4] Executing : report_drc -file top_drc_routed.rpt -pb top_drc_routed.pb -rpx top_drc_routed.rpx
Command: report_drc -file top_drc_routed.rpt -pb top_drc_routed.pb -rpx top_drc_routed.rpx
INFO: [DRC 23-27] Running DRC with 2 threads
INFO: [Coretcl 2-168] The results of DRC are in file C:/Mowahhid/Projects_Repo/basys3_video_processor/fpga/video-processor/video-processor.runs/impl_1/top_drc_routed.rpt.
report_drc completed successfully
INFO: [runtcl-4] Executing : report_methodology -file top_methodology_drc_routed.rpt -pb top_methodology_drc_routed.pb -rpx top_methodology_drc_routed.rpx
Command: report_methodology -file top_methodology_drc_routed.rpt -pb top_methodology_drc_routed.pb -rpx top_methodology_drc_routed.rpx
INFO: [Timing 38-35] Done setting XDC timing constraints.
INFO: [Timing 38-35] Done setting XDC timing constraints.
INFO: [DRC 23-133] Running Methodology with 2 threads
INFO: [Coretcl 2-1520] The results of Report Methodology are in file C:/Mowahhid/Projects_Repo/basys3_video_processor/fpga/video-processor/video-processor.runs/impl_1/top_methodology_drc_routed.rpt.
report_methodology completed successfully
INFO: [runtcl-4] Executing : report_power -file top_power_routed.rpt -pb top_power_summary_routed.pb -rpx top_power_routed.rpx
Command: report_power -file top_power_routed.rpt -pb top_power_summary_routed.pb -rpx top_power_routed.rpx
INFO: [Timing 38-35] Done setting XDC timing constraints.
Running Vector-less Activity Propagation...

Finished Running Vector-less Activity Propagation
85 Infos, 22 Warnings, 0 Critical Warnings and 0 Errors encountered.
report_power completed successfully
INFO: [runtcl-4] Executing : report_route_status -file top_route_status.rpt -pb top_route_status.pb
INFO: [runtcl-4] Executing : report_timing_summary -max_paths 10 -file top_timing_summary_routed.rpt -pb top_timing_summary_routed.pb -rpx top_timing_summary_routed.rpx -warn_on_violation 
INFO: [Timing 38-91] UpdateTimingParams: Speed grade: -1, Delay Type: min_max, Timing Stage: Requireds.
INFO: [Timing 38-191] Multithreading enabled for timing update using a maximum of 2 CPUs
CRITICAL WARNING: [Timing 38-282] The design failed to meet the timing requirements. Please see the timing summary report for details on the timing violations.
INFO: [runtcl-4] Executing : report_incremental_reuse -file top_incremental_reuse_routed.rpt
INFO: [Vivado_Tcl 4-545] No incremental reuse to report, no incremental placement and routing data was found.
INFO: [runtcl-4] Executing : report_clock_utilization -file top_clock_utilization_routed.rpt
INFO: [runtcl-4] Executing : report_bus_skew -warn_on_violation -file top_bus_skew_routed.rpt -pb top_bus_skew_routed.pb -rpx top_bus_skew_routed.rpx
INFO: [Timing 38-91] UpdateTimingParams: Speed grade: -1, Delay Type: min_max, Timing Stage: Requireds.
INFO: [Timing 38-191] Multithreading enabled for timing update using a maximum of 2 CPUs
INFO: [Common 17-206] Exiting Vivado at Thu Dec 11 05:00:30 2025...

*** Running vivado
    with args -log top.vdi -applog -m64 -product Vivado -messageDb vivado.pb -mode batch -source top.tcl -notrace


****** Vivado v2018.2 (64-bit)
  **** SW Build 2258646 on Thu Jun 14 20:03:12 MDT 2018
  **** IP Build 2256618 on Thu Jun 14 22:10:49 MDT 2018
    ** Copyright 1986-2018 Xilinx, Inc. All Rights Reserved.

source top.tcl -notrace
Command: open_checkpoint top_routed.dcp

Starting open_checkpoint Task

Time (s): cpu = 00:00:00 ; elapsed = 00:00:00.020 . Memory (MB): peak = 238.504 ; gain = 0.000
INFO: [Netlist 29-17] Analyzing 53 Unisim elements for replacement
INFO: [Netlist 29-28] Unisim Transformation completed in 0 CPU seconds
INFO: [Project 1-479] Netlist was created with Vivado 2018.2
INFO: [Device 21-403] Loading part xc7a35tcpg236-1
INFO: [Project 1-570] Preparing netlist for logic optimization
INFO: [Timing 38-478] Restoring timing data from binary archive.
INFO: [Timing 38-479] Binary timing data restore complete.
INFO: [Project 1-856] Restoring constraints from binary archive.
INFO: [Project 1-853] Binary constraint restore complete.
Reading XDEF placement.
Reading placer database...
Reading XDEF routing.
Read XDEF File: Time (s): cpu = 00:00:00 ; elapsed = 00:00:00.100 . Memory (MB): peak = 1137.688 ; gain = 0.000
Restored from archive | CPU: 0.000000 secs | Memory: 0.000000 MB |
Finished XDEF File Restore: Time (s): cpu = 00:00:00 ; elapsed = 00:00:00.100 . Memory (MB): peak = 1137.688 ; gain = 0.000
INFO: [Project 1-111] Unisim Transformation Summary:
No Unisim elements were transformed.

INFO: [Project 1-604] Checkpoint was created with Vivado v2018.2 (64-bit) build 2258646
open_checkpoint: Time (s): cpu = 00:00:07 ; elapsed = 00:00:12 . Memory (MB): peak = 1137.688 ; gain = 908.500
Command: write_bitstream -force top.bit
Attempting to get a license for feature 'Implementation' and/or device 'xc7a35t'
INFO: [Common 17-349] Got license for feature 'Implementation' and/or device 'xc7a35t'
Running DRC as a precondition to command write_bitstream
INFO: [IP_Flow 19-234] Refreshing IP repositories
INFO: [IP_Flow 19-1704] No user IP repositories specified
INFO: [IP_Flow 19-2313] Loaded Vivado IP repository 'C:/Xilinx/Vivado/2018.2/data/ip'.
INFO: [DRC 23-27] Running DRC with 2 threads
WARNING: [DRC CFGBVS-1] Missing CFGBVS and CONFIG_VOLTAGE Design Properties: Neither the CFGBVS nor CONFIG_VOLTAGE voltage property is set in the current_design.  Configuration bank voltage select (CFGBVS) must be set to VCCO or GND, and CONFIG_VOLTAGE must be set to the correct configuration voltage, in order to determine the I/O voltage support for the pins in bank 0.  It is suggested to specify these either using the 'Edit Device Properties' function in the GUI or directly in the XDC file using the following syntax:

 set_property CFGBVS value1 [current_design]
 #where value1 is either VCCO or GND

 set_property CONFIG_VOLTAGE value2 [current_design]
 #where value2 is the voltage provided to configuration bank 0

Refer to the device configuration user guide for more information.
WARNING: [DRC CHECK-3] Report rule limit reached: REQP-1839 rule limit reached: 20 violations have been found.
WARNING: [DRC REQP-1839] RAMB36 async control check: The RAMB36E1 u_ping_pong/ram_reg_0_2 has an input control pin u_ping_pong/ram_reg_0_2/ADDRBWRADDR[14] (net: u_ping_pong/rd_addr_final[14]) which is driven by a register (u_vga/h_count_reg[7]) that has an active asychronous set or reset. This may cause corruption of the memory contents and/or read values when the set/reset is asserted and is not analyzed by the default static timing analysis. It is suggested to eliminate the use of a set/reset to registers driving this RAMB pin or else use a synchronous reset in which the assertion of the reset is timed by default.
WARNING: [DRC REQP-1839] RAMB36 async control check: The RAMB36E1 u_ping_pong/ram_reg_0_2 has an input control pin u_ping_pong/ram_reg_0_2/ADDRBWRADDR[14] (net: u_ping_pong/rd_addr_final[14]) which is driven by a register (u_vga/h_count_reg[8]) that has an active asychronous set or reset. This may cause corruption of the memory contents and/or read values when the set/reset is asserted and is not analyzed by the default static timing analysis. It is suggested to eliminate the use of a set/reset to registers driving this RAMB pin or else use a synchronous reset in which the assertion of the reset is timed by default.
WARNING: [DRC REQP-1839] RAMB36 async control check: The RAMB36E1 u_ping_pong/ram_reg_0_2 has an input control pin u_ping_pong/ram_reg_0_2/ADDRBWRADDR[14] (net: u_ping_pong/rd_addr_final[14]) which is driven by a register (u_vga/h_count_reg[9]) that has an active asychronous set or reset. This may cause corruption of the memory contents and/or read values when the set/reset is asserted and is not analyzed by the default static timing analysis. It is suggested to eliminate the use of a set/reset to registers driving this RAMB pin or else use a synchronous reset in which the assertion of the reset is timed by default.
WARNING: [DRC REQP-1839] RAMB36 async control check: The RAMB36E1 u_ping_pong/ram_reg_0_2 has an input control pin u_ping_pong/ram_reg_0_2/ADDRBWRADDR[14] (net: u_ping_pong/rd_addr_final[14]) which is driven by a register (u_vga/v_count_reg[1]) that has an active asychronous set or reset. This may cause corruption of the memory contents and/or read values when the set/reset is asserted and is not analyzed by the default static timing analysis. It is suggested to eliminate the use of a set/reset to registers driving this RAMB pin or else use a synchronous reset in which the assertion of the reset is timed by default.
WARNING: [DRC REQP-1839] RAMB36 async control check: The RAMB36E1 u_ping_pong/ram_reg_0_2 has an input control pin u_ping_pong/ram_reg_0_2/ADDRBWRADDR[14] (net: u_ping_pong/rd_addr_final[14]) which is driven by a register (u_vga/v_count_reg[3]) that has an active asychronous set or reset. This may cause corruption of the memory contents and/or read values when the set/reset is asserted and is not analyzed by the default static timing analysis. It is suggested to eliminate the use of a set/reset to registers driving this RAMB pin or else use a synchronous reset in which the assertion of the reset is timed by default.
WARNING: [DRC REQP-1839] RAMB36 async control check: The RAMB36E1 u_ping_pong/ram_reg_0_2 has an input control pin u_ping_pong/ram_reg_0_2/ADDRBWRADDR[14] (net: u_ping_pong/rd_addr_final[14]) which is driven by a register (u_vga/v_count_reg[4]) that has an active asychronous set or reset. This may cause corruption of the memory contents and/or read values when the set/reset is asserted and is not analyzed by the default static timing analysis. It is suggested to eliminate the use of a set/reset to registers driving this RAMB pin or else use a synchronous reset in which the assertion of the reset is timed by default.
WARNING: [DRC REQP-1839] RAMB36 async control check: The RAMB36E1 u_ping_pong/ram_reg_0_2 has an input control pin u_ping_pong/ram_reg_0_2/ADDRBWRADDR[14] (net: u_ping_pong/rd_addr_final[14]) which is driven by a register (u_vga/v_count_reg[5]) that has an active asychronous set or reset. This may cause corruption of the memory contents and/or read values when the set/reset is asserted and is not analyzed by the default static timing analysis. It is suggested to eliminate the use of a set/reset to registers driving this RAMB pin or else use a synchronous reset in which the assertion of the reset is timed by default.
WARNING: [DRC REQP-1839] RAMB36 async control check: The RAMB36E1 u_ping_pong/ram_reg_0_2 has an input control pin u_ping_pong/ram_reg_0_2/ADDRBWRADDR[14] (net: u_ping_pong/rd_addr_final[14]) which is driven by a register (u_vga/v_count_reg[8]) that has an active asychronous set or reset. This may cause corruption of the memory contents and/or read values when the set/reset is asserted and is not analyzed by the default static timing analysis. It is suggested to eliminate the use of a set/reset to registers driving this RAMB pin or else use a synchronous reset in which the assertion of the reset is timed by default.
WARNING: [DRC REQP-1839] RAMB36 async control check: The RAMB36E1 u_ping_pong/ram_reg_0_2 has an input control pin u_ping_pong/ram_reg_0_2/ADDRBWRADDR[15] (net: u_ping_pong/rd_addr_final[15]) which is driven by a register (u_vga/h_count_reg[7]) that has an active asychronous set or reset. This may cause corruption of the memory contents and/or read values when the set/reset is asserted and is not analyzed by the default static timing analysis. It is suggested to eliminate the use of a set/reset to registers driving this RAMB pin or else use a synchronous reset in which the assertion of the reset is timed by default.
WARNING: [DRC REQP-1839] RAMB36 async control check: The RAMB36E1 u_ping_pong/ram_reg_0_2 has an input control pin u_ping_pong/ram_reg_0_2/ADDRBWRADDR[15] (net: u_ping_pong/rd_addr_final[15]) which is driven by a register (u_vga/h_count_reg[8]) that has an active asychronous set or reset. This may cause corruption of the memory contents and/or read values when the set/reset is asserted and is not analyzed by the default static timing analysis. It is suggested to eliminate the use of a set/reset to registers driving this RAMB pin or else use a synchronous reset in which the assertion of the reset is timed by default.
WARNING: [DRC REQP-1839] RAMB36 async control check: The RAMB36E1 u_ping_pong/ram_reg_0_2 has an input control pin u_ping_pong/ram_reg_0_2/ADDRBWRADDR[15] (net: u_ping_pong/rd_addr_final[15]) which is driven by a register (u_vga/h_count_reg[9]) that has an active asychronous set or reset. This may cause corruption of the memory contents and/or read values when the set/reset is asserted and is not analyzed by the default static timing analysis. It is suggested to eliminate the use of a set/reset to registers driving this RAMB pin or else use a synchronous reset in which the assertion of the reset is timed by default.
WARNING: [DRC REQP-1839] RAMB36 async control check: The RAMB36E1 u_ping_pong/ram_reg_0_2 has an input control pin u_ping_pong/ram_reg_0_2/ADDRBWRADDR[15] (net: u_ping_pong/rd_addr_final[15]) which is driven by a register (u_vga/v_count_reg[1]) that has an active asychronous set or reset. This may cause corruption of the memory contents and/or read values when the set/reset is asserted and is not analyzed by the default static timing analysis. It is suggested to eliminate the use of a set/reset to registers driving this RAMB pin or else use a synchronous reset in which the assertion of the reset is timed by default.
WARNING: [DRC REQP-1839] RAMB36 async control check: The RAMB36E1 u_ping_pong/ram_reg_0_2 has an input control pin u_ping_pong/ram_reg_0_2/ADDRBWRADDR[15] (net: u_ping_pong/rd_addr_final[15]) which is driven by a register (u_vga/v_count_reg[2]) that has an active asychronous set or reset. This may cause corruption of the memory contents and/or read values when the set/reset is asserted and is not analyzed by the default static timing analysis. It is suggested to eliminate the use of a set/reset to registers driving this RAMB pin or else use a synchronous reset in which the assertion of the reset is timed by default.
WARNING: [DRC REQP-1839] RAMB36 async control check: The RAMB36E1 u_ping_pong/ram_reg_0_2 has an input control pin u_ping_pong/ram_reg_0_2/ADDRBWRADDR[15] (net: u_ping_pong/rd_addr_final[15]) which is driven by a register (u_vga/v_count_reg[3]) that has an active asychronous set or reset. This may cause corruption of the memory contents and/or read values when the set/reset is asserted and is not analyzed by the default static timing analysis. It is suggested to eliminate the use of a set/reset to registers driving this RAMB pin or else use a synchronous reset in which the assertion of the reset is timed by default.
WARNING: [DRC REQP-1839] RAMB36 async control check: The RAMB36E1 u_ping_pong/ram_reg_0_2 has an input control pin u_ping_pong/ram_reg_0_2/ADDRBWRADDR[15] (net: u_ping_pong/rd_addr_final[15]) which is driven by a register (u_vga/v_count_reg[4]) that has an active asychronous set or reset. This may cause corruption of the memory contents and/or read values when the set/reset is asserted and is not analyzed by the default static timing analysis. It is suggested to eliminate the use of a set/reset to registers driving this RAMB pin or else use a synchronous reset in which the assertion of the reset is timed by default.
WARNING: [DRC REQP-1839] RAMB36 async control check: The RAMB36E1 u_ping_pong/ram_reg_0_2 has an input control pin u_ping_pong/ram_reg_0_2/ADDRBWRADDR[15] (net: u_ping_pong/rd_addr_final[15]) which is driven by a register (u_vga/v_count_reg[5]) that has an active asychronous set or reset. This may cause corruption of the memory contents and/or read values when the set/reset is asserted and is not analyzed by the default static timing analysis. It is suggested to eliminate the use of a set/reset to registers driving this RAMB pin or else use a synchronous reset in which the assertion of the reset is timed by default.
WARNING: [DRC REQP-1839] RAMB36 async control check: The RAMB36E1 u_ping_pong/ram_reg_0_2 has an input control pin u_ping_pong/ram_reg_0_2/ADDRBWRADDR[15] (net: u_ping_pong/rd_addr_final[15]) which is driven by a register (u_vga/v_count_reg[6]) that has an active asychronous set or reset. This may cause corruption of the memory contents and/or read values when the set/reset is asserted and is not analyzed by the default static timing analysis. It is suggested to eliminate the use of a set/reset to registers driving this RAMB pin or else use a synchronous reset in which the assertion of the reset is timed by default.
WARNING: [DRC REQP-1839] RAMB36 async control check: The RAMB36E1 u_ping_pong/ram_reg_0_2 has an input control pin u_ping_pong/ram_reg_0_2/ADDRBWRADDR[15] (net: u_ping_pong/rd_addr_final[15]) which is driven by a register (u_vga/v_count_reg[7]) that has an active asychronous set or reset. This may cause corruption of the memory contents and/or read values when the set/reset is asserted and is not analyzed by the default static timing analysis. It is suggested to eliminate the use of a set/reset to registers driving this RAMB pin or else use a synchronous reset in which the assertion of the reset is timed by default.
WARNING: [DRC REQP-1839] RAMB36 async control check: The RAMB36E1 u_ping_pong/ram_reg_0_2 has an input control pin u_ping_pong/ram_reg_0_2/ADDRBWRADDR[15] (net: u_ping_pong/rd_addr_final[15]) which is driven by a register (u_vga/v_count_reg[8]) that has an active asychronous set or reset. This may cause corruption of the memory contents and/or read values when the set/reset is asserted and is not analyzed by the default static timing analysis. It is suggested to eliminate the use of a set/reset to registers driving this RAMB pin or else use a synchronous reset in which the assertion of the reset is timed by default.
WARNING: [DRC REQP-1839] RAMB36 async control check: The RAMB36E1 u_ping_pong/ram_reg_0_2 has an input control pin u_ping_pong/ram_reg_0_2/ADDRBWRADDR[15] (net: u_ping_pong/rd_addr_final[15]) which is driven by a register (u_vga/v_count_reg[9]) that has an active asychronous set or reset. This may cause corruption of the memory contents and/or read values when the set/reset is asserted and is not analyzed by the default static timing analysis. It is suggested to eliminate the use of a set/reset to registers driving this RAMB pin or else use a synchronous reset in which the assertion of the reset is timed by default.
INFO: [Vivado 12-3199] DRC finished with 0 Errors, 22 Warnings
INFO: [Vivado 12-3200] Please refer to the DRC report (report_drc) for more information.
INFO: [Designutils 20-2272] Running write_bitstream with 2 threads.
Loading data files...
Loading site data...
Loading route data...
Processing options...
Creating bitmap...
Creating bitstream...
Bitstream compression saved 11974848 bits.
Writing bitstream ./top.bit...
INFO: [Vivado 12-1842] Bitgen Completed Successfully.
INFO: [Project 1-120] WebTalk data collection is mandatory when using a WebPACK part without a full Vivado license. To see the specific WebTalk data collected for your design, open the usage_statistics_webtalk.html or usage_statistics_webtalk.xml file in the implementation directory.
INFO: [Common 17-83] Releasing license: Implementation
22 Infos, 22 Warnings, 0 Critical Warnings and 0 Errors encountered.
write_bitstream completed successfully
write_bitstream: Time (s): cpu = 00:00:05 ; elapsed = 00:00:09 . Memory (MB): peak = 1608.805 ; gain = 471.117
INFO: [Common 17-206] Exiting Vivado at Thu Dec 11 05:01:09 2025...
