Copyright 1986-2018 Xilinx, Inc. All Rights Reserved.
------------------------------------------------------------------------------------
| Tool Version : Vivado v.2018.2 (win64) Build 2258646 Thu Jun 14 20:03:12 MDT 2018
| Date         : Thu Dec 11 05:00:16 2025
| Host         : Mowahhid-PC running 64-bit major release  (build 9200)
| Command      : report_control_sets -verbose -file top_control_sets_placed.rpt
| Design       : top
| Device       : xc7a35t
------------------------------------------------------------------------------------

Control Set Information

Table of Contents
-----------------
1. Summary
2. Histogram
3. Flip-Flop Distribution
4. Detailed Control Set Information

1. Summary
----------

+----------------------------------------------------------+-------+
|                          Status                          | Count |
+----------------------------------------------------------+-------+
| Number of unique control sets                            |    11 |
| Unused register locations in slices containing registers |    40 |
+----------------------------------------------------------+-------+


2. Histogram
------------

+--------+--------------+
| Fanout | Control Sets |
+--------+--------------+
|     10 |            1 |
|     12 |            1 |
|    16+ |            9 |
+--------+--------------+


3. Flip-Flop Distribution
-------------------------

+--------------+-----------------------+------------------------+-----------------+--------------+
| Clock Enable | Synchronous Set/Reset | Asynchronous Set/Reset | Total Registers | Total Slices |
+--------------+-----------------------+------------------------+-----------------+--------------+
| No           | No                    | No                     |              30 |            7 |
| No           | No                    | Yes                    |              20 |            3 |
| No           | Yes                   | No                     |              28 |            9 |
| Yes          | No                    | No                     |              28 |            3 |
| Yes          | No                    | Yes                    |              20 |            2 |
| Yes          | Yes                   | No                     |             138 |           19 |
+--------------+-----------------------+------------------------+-----------------+--------------+


4. Detailed Control Set Information
-----------------------------------

+------------------------+---------------------------------------+---------------------------------------+------------------+----------------+
|      Clock Signal      |             Enable Signal             |            Set/Reset Signal           | Slice Load Count | Bel Load Count |
+------------------------+---------------------------------------+---------------------------------------+------------------+----------------+
|  clk_gen/inst/clk_out1 |                                       |                                       |                3 |             10 |
|  clk_gen/inst/clk_out2 | u_uart_rx/pixel_data_reg[2][0]        |                                       |                2 |             12 |
|  clk_gen/inst/clk_out2 | u_uart_rx/dout[7]_i_1_n_0             |                                       |                1 |             16 |
|  clk_gen/inst/clk_out1 |                                       | u_vga/h_count[9]_i_2_n_0              |                3 |             20 |
|  clk_gen/inst/clk_out1 | u_vga/v_count                         | u_vga/h_count[9]_i_2_n_0              |                2 |             20 |
|  clk_gen/inst/clk_out2 |                                       |                                       |                4 |             20 |
|  clk_gen/inst/clk_out2 | u_uart_rx/clk_count[9]_i_1_n_0        | btnC_IBUF                             |                5 |             20 |
|  clk_gen/inst/clk_out2 |                                       | btnC_IBUF                             |                9 |             28 |
|  clk_gen/inst/clk_out2 | u_frame_sync/E[0]                     | u_frame_sync/SR[0]                    |                4 |             34 |
|  clk_gen/inst/clk_out2 | u_frame_sync/pixel_counter[0]_i_2_n_0 | u_frame_sync/pixel_counter[0]_i_1_n_0 |                5 |             36 |
|  clk_gen/inst/clk_out2 | u_uart_rx/uart_valid                  | btnC_IBUF                             |                5 |             48 |
+------------------------+---------------------------------------+---------------------------------------+------------------+----------------+


