
*** Running vivado
    with args -log top.vds -m64 -product Vivado -mode batch -messageDb vivado.pb -notrace -source top.tcl


****** Vivado v2018.2 (64-bit)
  **** SW Build 2258646 on Thu Jun 14 20:03:12 MDT 2018
  **** IP Build 2256618 on Thu Jun 14 22:10:49 MDT 2018
    ** Copyright 1986-2018 Xilinx, Inc. All Rights Reserved.

source top.tcl -notrace
Command: synth_design -top top -part xc7a35tcpg236-1
Starting synth_design
Attempting to get a license for feature 'Synthesis' and/or device 'xc7a35t'
INFO: [Common 17-349] Got license for feature 'Synthesis' and/or device 'xc7a35t'
INFO: Launching helper process for spawning children vivado processes
INFO: Helper process launched with PID 23656 
---------------------------------------------------------------------------------
Starting RTL Elaboration : Time (s): cpu = 00:00:00 ; elapsed = 00:00:01 . Memory (MB): peak = 444.559 ; gain = 98.262
---------------------------------------------------------------------------------
INFO: [Synth 8-6157] synthesizing module 'top' [C:/Mowahhid/Projects_Repo/basys3_video_processor/fpga/video-processor/video-processor.srcs/sources_1/new/top.sv:1]
INFO: [Synth 8-6157] synthesizing module 'clk_wiz_0' [C:/Mowahhid/Projects_Repo/basys3_video_processor/fpga/video-processor/video-processor.runs/synth_1/.Xil/Vivado-21328-Mowahhid-PC/realtime/clk_wiz_0_stub.v:5]
INFO: [Synth 8-6155] done synthesizing module 'clk_wiz_0' (1#1) [C:/Mowahhid/Projects_Repo/basys3_video_processor/fpga/video-processor/video-processor.runs/synth_1/.Xil/Vivado-21328-Mowahhid-PC/realtime/clk_wiz_0_stub.v:5]
INFO: [Synth 8-6157] synthesizing module 'uart_rx' [C:/Mowahhid/Projects_Repo/basys3_video_processor/fpga/video-processor/video-processor.srcs/sources_1/new/uart_rx.sv:1]
	Parameter CLKS_PER_BIT bound to: 868 - type: integer 
	Parameter s_IDLE bound to: 3'b000 
	Parameter s_START_BIT bound to: 3'b001 
	Parameter s_DATA_BITS bound to: 3'b010 
	Parameter s_STOP_BIT bound to: 3'b011 
	Parameter s_CLEANUP bound to: 3'b100 
INFO: [Synth 8-6155] done synthesizing module 'uart_rx' (2#1) [C:/Mowahhid/Projects_Repo/basys3_video_processor/fpga/video-processor/video-processor.srcs/sources_1/new/uart_rx.sv:1]
INFO: [Synth 8-6157] synthesizing module 'frame_sync' [C:/Mowahhid/Projects_Repo/basys3_video_processor/fpga/video-processor/video-processor.srcs/sources_1/new/frame_sync.sv:1]
	Parameter WIDTH bound to: 320 - type: integer 
	Parameter HEIGHT bound to: 240 - type: integer 
	Parameter FRAME_PIXELS bound to: 76800 - type: integer 
	Parameter MAGIC_SEQ bound to: -1437213011 - type: integer 
	Parameter s_IDLE bound to: 1'b0 
	Parameter s_RECEIVING bound to: 1'b1 
INFO: [Synth 8-6155] done synthesizing module 'frame_sync' (3#1) [C:/Mowahhid/Projects_Repo/basys3_video_processor/fpga/video-processor/video-processor.srcs/sources_1/new/frame_sync.sv:1]
INFO: [Synth 8-6157] synthesizing module 'ping_pong_ram' [C:/Mowahhid/Projects_Repo/basys3_video_processor/fpga/video-processor/video-processor.srcs/sources_1/new/ping_pong_ram.sv:1]
	Parameter FRAME_SIZE bound to: 76800 - type: integer 
INFO: [Synth 8-5534] Detected attribute (* ram_style = "block" *) [C:/Mowahhid/Projects_Repo/basys3_video_processor/fpga/video-processor/video-processor.srcs/sources_1/new/ping_pong_ram.sv:20]
INFO: [Synth 8-6155] done synthesizing module 'ping_pong_ram' (4#1) [C:/Mowahhid/Projects_Repo/basys3_video_processor/fpga/video-processor/video-processor.srcs/sources_1/new/ping_pong_ram.sv:1]
INFO: [Synth 8-6157] synthesizing module 'vga_controller_640x480' [C:/Mowahhid/Projects_Repo/basys3_video_processor/fpga/video-processor/video-processor.srcs/sources_1/new/vga_controller.sv:1]
	Parameter H_ACTIVE bound to: 640 - type: integer 
	Parameter H_FRONT bound to: 16 - type: integer 
	Parameter H_PULSE bound to: 96 - type: integer 
	Parameter H_BACK bound to: 48 - type: integer 
	Parameter H_TOTAL bound to: 800 - type: integer 
	Parameter V_ACTIVE bound to: 480 - type: integer 
	Parameter V_FRONT bound to: 10 - type: integer 
	Parameter V_PULSE bound to: 2 - type: integer 
	Parameter V_BACK bound to: 33 - type: integer 
	Parameter V_TOTAL bound to: 525 - type: integer 
INFO: [Synth 8-6155] done synthesizing module 'vga_controller_640x480' (5#1) [C:/Mowahhid/Projects_Repo/basys3_video_processor/fpga/video-processor/video-processor.srcs/sources_1/new/vga_controller.sv:1]
WARNING: [Synth 8-350] instance 'u_vga' of module 'vga_controller_640x480' requires 12 connections, but only 10 given [C:/Mowahhid/Projects_Repo/basys3_video_processor/fpga/video-processor/video-processor.srcs/sources_1/new/top.sv:89]
INFO: [Synth 8-6155] done synthesizing module 'top' (6#1) [C:/Mowahhid/Projects_Repo/basys3_video_processor/fpga/video-processor/video-processor.srcs/sources_1/new/top.sv:1]
WARNING: [Synth 8-3331] design vga_controller_640x480 has unconnected port frame_rd_data[3]
WARNING: [Synth 8-3331] design vga_controller_640x480 has unconnected port frame_rd_data[2]
WARNING: [Synth 8-3331] design vga_controller_640x480 has unconnected port frame_rd_data[1]
WARNING: [Synth 8-3331] design vga_controller_640x480 has unconnected port frame_rd_data[0]
---------------------------------------------------------------------------------
Finished RTL Elaboration : Time (s): cpu = 00:00:01 ; elapsed = 00:00:02 . Memory (MB): peak = 524.180 ; gain = 177.883
---------------------------------------------------------------------------------

Report Check Netlist: 
+------+------------------+-------+---------+-------+------------------+
|      |Item              |Errors |Warnings |Status |Description       |
+------+------------------+-------+---------+-------+------------------+
|1     |multi_driven_nets |      0|        0|Passed |Multi driven nets |
+------+------------------+-------+---------+-------+------------------+
---------------------------------------------------------------------------------
Start Handling Custom Attributes
---------------------------------------------------------------------------------
---------------------------------------------------------------------------------
Finished Handling Custom Attributes : Time (s): cpu = 00:00:01 ; elapsed = 00:00:02 . Memory (MB): peak = 524.180 ; gain = 177.883
---------------------------------------------------------------------------------
---------------------------------------------------------------------------------
Finished RTL Optimization Phase 1 : Time (s): cpu = 00:00:01 ; elapsed = 00:00:02 . Memory (MB): peak = 524.180 ; gain = 177.883
---------------------------------------------------------------------------------
INFO: [Device 21-403] Loading part xc7a35tcpg236-1
INFO: [Project 1-570] Preparing netlist for logic optimization

Processing XDC Constraints
Initializing timing engine
Parsing XDC File [c:/Mowahhid/Projects_Repo/basys3_video_processor/fpga/video-processor/video-processor.srcs/sources_1/ip/clk_wiz_0/clk_wiz_0/clk_wiz_0_in_context.xdc] for cell 'clk_gen'
Finished Parsing XDC File [c:/Mowahhid/Projects_Repo/basys3_video_processor/fpga/video-processor/video-processor.srcs/sources_1/ip/clk_wiz_0/clk_wiz_0/clk_wiz_0_in_context.xdc] for cell 'clk_gen'
Parsing XDC File [C:/Mowahhid/Projects_Repo/basys3_video_processor/fpga/video-processor/video-processor.srcs/constrs_1/new/fpga-xdc.xdc]
Finished Parsing XDC File [C:/Mowahhid/Projects_Repo/basys3_video_processor/fpga/video-processor/video-processor.srcs/constrs_1/new/fpga-xdc.xdc]
INFO: [Project 1-236] Implementation specific constraints were found while reading constraint file [C:/Mowahhid/Projects_Repo/basys3_video_processor/fpga/video-processor/video-processor.srcs/constrs_1/new/fpga-xdc.xdc]. These constraints will be ignored for synthesis but will be used in implementation. Impacted constraints are listed in the file [.Xil/top_propImpl.xdc].
Resolution: To avoid this warning, move constraints listed in [.Xil/top_propImpl.xdc] to another XDC file and exclude this new file from synthesis with the used_in_synthesis property (File Properties dialog in GUI) and re-run elaboration/synthesis.
Completed Processing XDC Constraints

INFO: [Project 1-111] Unisim Transformation Summary:
No Unisim elements were transformed.

Constraint Validation Runtime : Time (s): cpu = 00:00:00 ; elapsed = 00:00:00.002 . Memory (MB): peak = 843.473 ; gain = 0.000
---------------------------------------------------------------------------------
Finished Constraint Validation : Time (s): cpu = 00:00:03 ; elapsed = 00:00:08 . Memory (MB): peak = 843.473 ; gain = 497.176
---------------------------------------------------------------------------------
---------------------------------------------------------------------------------
Start Loading Part and Timing Information
---------------------------------------------------------------------------------
Loading part: xc7a35tcpg236-1
---------------------------------------------------------------------------------
Finished Loading Part and Timing Information : Time (s): cpu = 00:00:03 ; elapsed = 00:00:08 . Memory (MB): peak = 843.473 ; gain = 497.176
---------------------------------------------------------------------------------
---------------------------------------------------------------------------------
Start Applying 'set_property' XDC Constraints
---------------------------------------------------------------------------------
Applied set_property IO_BUFFER_TYPE = NONE for clk_100mhz. (constraint file  c:/Mowahhid/Projects_Repo/basys3_video_processor/fpga/video-processor/video-processor.srcs/sources_1/ip/clk_wiz_0/clk_wiz_0/clk_wiz_0_in_context.xdc, line 4).
Applied set_property CLOCK_BUFFER_TYPE = NONE for clk_100mhz. (constraint file  c:/Mowahhid/Projects_Repo/basys3_video_processor/fpga/video-processor/video-processor.srcs/sources_1/ip/clk_wiz_0/clk_wiz_0/clk_wiz_0_in_context.xdc, line 5).
Applied set_property DONT_TOUCH = true for clk_gen. (constraint file  auto generated constraint, line ).
---------------------------------------------------------------------------------
Finished applying 'set_property' XDC Constraints : Time (s): cpu = 00:00:03 ; elapsed = 00:00:08 . Memory (MB): peak = 843.473 ; gain = 497.176
---------------------------------------------------------------------------------
INFO: [Synth 8-802] inferred FSM for state register 'state_reg' in module 'uart_rx'
INFO: [Synth 8-5546] ROM "state" won't be mapped to RAM because it is too sparse
INFO: [Synth 8-5544] ROM "state" won't be mapped to Block RAM because address size (1) smaller than threshold (5)
INFO: [Synth 8-5545] ROM "state" won't be mapped to RAM because address size (32) is larger than maximum supported(25)
INFO: [Synth 8-5546] ROM "state" won't be mapped to RAM because it is too sparse
INFO: [Synth 8-5546] ROM "pixel_x" won't be mapped to RAM because it is too sparse
INFO: [Synth 8-5546] ROM "pixel_y" won't be mapped to RAM because it is too sparse
INFO: [Synth 8-5546] ROM "v_count" won't be mapped to RAM because it is too sparse
---------------------------------------------------------------------------------------------------
                   State |                     New Encoding |                Previous Encoding 
---------------------------------------------------------------------------------------------------
                  s_IDLE |                              000 |                              000
             s_START_BIT |                              001 |                              001
             s_DATA_BITS |                              010 |                              010
              s_STOP_BIT |                              011 |                              011
               s_CLEANUP |                              100 |                              100
---------------------------------------------------------------------------------------------------
INFO: [Synth 8-3354] encoded FSM with state register 'state_reg' using encoding 'sequential' in module 'uart_rx'
---------------------------------------------------------------------------------
Finished RTL Optimization Phase 2 : Time (s): cpu = 00:00:03 ; elapsed = 00:00:08 . Memory (MB): peak = 843.473 ; gain = 497.176
---------------------------------------------------------------------------------

Report RTL Partitions: 
+-+--------------+------------+----------+
| |RTL Partition |Replication |Instances |
+-+--------------+------------+----------+
+-+--------------+------------+----------+
---------------------------------------------------------------------------------
Start RTL Component Statistics 
---------------------------------------------------------------------------------
Detailed RTL Component Info : 
+---Adders : 
	   2 Input     18 Bit       Adders := 3     
	   2 Input     17 Bit       Adders := 1     
	   2 Input     16 Bit       Adders := 1     
	   2 Input     10 Bit       Adders := 3     
	   2 Input      3 Bit       Adders := 1     
+---Registers : 
	               32 Bit    Registers := 1     
	               18 Bit    Registers := 1     
	               17 Bit    Registers := 1     
	               16 Bit    Registers := 1     
	               10 Bit    Registers := 3     
	                8 Bit    Registers := 4     
	                3 Bit    Registers := 1     
	                1 Bit    Registers := 10    
+---RAMs : 
	            1200K Bit         RAMs := 1     
+---Muxes : 
	   2 Input     18 Bit        Muxes := 1     
	   2 Input     17 Bit        Muxes := 3     
	   2 Input     16 Bit        Muxes := 1     
	   2 Input     10 Bit        Muxes := 2     
	   5 Input     10 Bit        Muxes := 1     
	   2 Input      8 Bit        Muxes := 2     
	   5 Input      8 Bit        Muxes := 1     
	   2 Input      3 Bit        Muxes := 2     
	   5 Input      3 Bit        Muxes := 2     
	   2 Input      1 Bit        Muxes := 17    
	   5 Input      1 Bit        Muxes := 5     
	   3 Input      1 Bit        Muxes := 1     
---------------------------------------------------------------------------------
Finished RTL Component Statistics 
---------------------------------------------------------------------------------
---------------------------------------------------------------------------------
Start RTL Hierarchical Component Statistics 
---------------------------------------------------------------------------------
Hierarchical RTL Component report 
Module uart_rx 
Detailed RTL Component Info : 
+---Adders : 
	   2 Input     10 Bit       Adders := 1     
	   2 Input      3 Bit       Adders := 1     
+---Registers : 
	               10 Bit    Registers := 1     
	                8 Bit    Registers := 2     
	                3 Bit    Registers := 1     
	                1 Bit    Registers := 3     
+---Muxes : 
	   2 Input     10 Bit        Muxes := 2     
	   5 Input     10 Bit        Muxes := 1     
	   2 Input      8 Bit        Muxes := 2     
	   5 Input      8 Bit        Muxes := 1     
	   2 Input      3 Bit        Muxes := 2     
	   5 Input      3 Bit        Muxes := 2     
	   2 Input      1 Bit        Muxes := 2     
	   5 Input      1 Bit        Muxes := 5     
Module frame_sync 
Detailed RTL Component Info : 
+---Adders : 
	   2 Input     18 Bit       Adders := 1     
	   2 Input     16 Bit       Adders := 1     
+---Registers : 
	               32 Bit    Registers := 1     
	               18 Bit    Registers := 1     
	               16 Bit    Registers := 1     
	                8 Bit    Registers := 1     
	                1 Bit    Registers := 4     
+---Muxes : 
	   2 Input     18 Bit        Muxes := 1     
	   2 Input     16 Bit        Muxes := 1     
	   2 Input      1 Bit        Muxes := 11    
	   3 Input      1 Bit        Muxes := 1     
Module ping_pong_ram 
Detailed RTL Component Info : 
+---Adders : 
	   2 Input     18 Bit       Adders := 2     
	   2 Input     17 Bit       Adders := 1     
+---Registers : 
	               17 Bit    Registers := 1     
	                8 Bit    Registers := 1     
	                1 Bit    Registers := 3     
+---RAMs : 
	            1200K Bit         RAMs := 1     
+---Muxes : 
	   2 Input     17 Bit        Muxes := 3     
	   2 Input      1 Bit        Muxes := 3     
Module vga_controller_640x480 
Detailed RTL Component Info : 
+---Adders : 
	   2 Input     10 Bit       Adders := 2     
+---Registers : 
	               10 Bit    Registers := 2     
+---Muxes : 
	   2 Input      1 Bit        Muxes := 1     
---------------------------------------------------------------------------------
Finished RTL Hierarchical Component Statistics
---------------------------------------------------------------------------------
---------------------------------------------------------------------------------
Start Part Resource Summary
---------------------------------------------------------------------------------
Part Resources:
DSPs: 90 (col length:60)
BRAMs: 100 (col length: RAMB18 60 RAMB36 30)
---------------------------------------------------------------------------------
Finished Part Resource Summary
---------------------------------------------------------------------------------
---------------------------------------------------------------------------------
Start Cross Boundary and Area Optimization
---------------------------------------------------------------------------------
Warning: Parallel synthesis criteria is not met 
INFO: [Synth 8-5546] ROM "u_uart_rx/state" won't be mapped to RAM because it is too sparse
INFO: [Synth 8-5545] ROM "u_frame_sync/state" won't be mapped to RAM because address size (32) is larger than maximum supported(25)
INFO: [Synth 8-5546] ROM "u_vga/v_count" won't be mapped to RAM because it is too sparse
INFO: [Synth 8-3886] merging instance 'i_0/u_ping_pong/ram_reg_mux_sel__49' (FD) to 'i_0/u_ping_pong/ram_reg_mux_sel__54'
INFO: [Synth 8-3886] merging instance 'i_0/u_ping_pong/ram_reg_mux_sel__48' (FD) to 'i_0/u_ping_pong/ram_reg_mux_sel__54'
INFO: [Synth 8-3886] merging instance 'i_0/u_ping_pong/ram_reg_mux_sel__47' (FD) to 'i_0/u_ping_pong/ram_reg_mux_sel__54'
INFO: [Synth 8-3886] merging instance 'i_0/u_ping_pong/ram_reg_mux_sel__33' (FD) to 'i_0/u_ping_pong/ram_reg_mux_sel__38'
INFO: [Synth 8-3886] merging instance 'i_0/u_ping_pong/ram_reg_mux_sel__32' (FD) to 'i_0/u_ping_pong/ram_reg_mux_sel__38'
INFO: [Synth 8-3886] merging instance 'i_0/u_ping_pong/ram_reg_mux_sel__31' (FD) to 'i_0/u_ping_pong/ram_reg_mux_sel__38'
INFO: [Synth 8-3886] merging instance 'i_0/u_ping_pong/ram_reg_mux_sel__16' (FD) to 'i_0/u_ping_pong/ram_reg_mux_sel__38'
INFO: [Synth 8-3886] merging instance 'i_0/u_ping_pong/ram_reg_mux_sel__15' (FD) to 'i_0/u_ping_pong/ram_reg_mux_sel__38'
INFO: [Synth 8-3886] merging instance 'i_0/u_ping_pong/ram_reg_mux_sel__17' (FD) to 'i_0/u_ping_pong/ram_reg_mux_sel__38'
INFO: [Synth 8-3886] merging instance 'i_0/u_ping_pong/ram_reg_mux_sel__1' (FD) to 'i_0/u_ping_pong/ram_reg_mux_sel__6'
INFO: [Synth 8-3886] merging instance 'i_0/u_ping_pong/ram_reg_mux_sel__0' (FD) to 'i_0/u_ping_pong/ram_reg_mux_sel__6'
INFO: [Synth 8-3886] merging instance 'i_0/u_ping_pong/ram_reg_mux_sel' (FD) to 'i_0/u_ping_pong/ram_reg_mux_sel__6'
INFO: [Synth 8-3886] merging instance 'i_0/u_ping_pong/ram_reg_mux_sel__50' (FD) to 'i_0/u_ping_pong/ram_reg_mux_sel__54'
INFO: [Synth 8-3886] merging instance 'i_0/u_ping_pong/ram_reg_mux_sel__34' (FD) to 'i_0/u_ping_pong/ram_reg_mux_sel__38'
INFO: [Synth 8-3886] merging instance 'i_0/u_ping_pong/ram_reg_mux_sel__18' (FD) to 'i_0/u_ping_pong/ram_reg_mux_sel__38'
INFO: [Synth 8-3886] merging instance 'i_0/u_ping_pong/ram_reg_mux_sel__2' (FD) to 'i_0/u_ping_pong/ram_reg_mux_sel__6'
INFO: [Synth 8-3886] merging instance 'i_0/u_ping_pong/ram_reg_mux_sel__51' (FD) to 'i_0/u_ping_pong/ram_reg_mux_sel__54'
INFO: [Synth 8-3886] merging instance 'i_0/u_ping_pong/ram_reg_mux_sel__35' (FD) to 'i_0/u_ping_pong/ram_reg_mux_sel__38'
INFO: [Synth 8-3886] merging instance 'i_0/u_ping_pong/ram_reg_mux_sel__19' (FD) to 'i_0/u_ping_pong/ram_reg_mux_sel__38'
INFO: [Synth 8-3886] merging instance 'i_0/u_ping_pong/ram_reg_mux_sel__3' (FD) to 'i_0/u_ping_pong/ram_reg_mux_sel__6'
INFO: [Synth 8-3886] merging instance 'i_0/u_ping_pong/ram_reg_mux_sel__52' (FD) to 'i_0/u_ping_pong/ram_reg_mux_sel__54'
INFO: [Synth 8-3886] merging instance 'i_0/u_ping_pong/ram_reg_mux_sel__36' (FD) to 'i_0/u_ping_pong/ram_reg_mux_sel__38'
INFO: [Synth 8-3886] merging instance 'i_0/u_ping_pong/ram_reg_mux_sel__20' (FD) to 'i_0/u_ping_pong/ram_reg_mux_sel__38'
INFO: [Synth 8-3886] merging instance 'i_0/u_ping_pong/ram_reg_mux_sel__4' (FD) to 'i_0/u_ping_pong/ram_reg_mux_sel__6'
INFO: [Synth 8-3886] merging instance 'i_0/u_ping_pong/ram_reg_mux_sel__53' (FD) to 'i_0/u_ping_pong/ram_reg_mux_sel__54'
INFO: [Synth 8-3886] merging instance 'i_0/u_ping_pong/ram_reg_mux_sel__37' (FD) to 'i_0/u_ping_pong/ram_reg_mux_sel__38'
INFO: [Synth 8-3886] merging instance 'i_0/u_ping_pong/ram_reg_mux_sel__21' (FD) to 'i_0/u_ping_pong/ram_reg_mux_sel__38'
INFO: [Synth 8-3886] merging instance 'i_0/u_ping_pong/ram_reg_mux_sel__5' (FD) to 'i_0/u_ping_pong/ram_reg_mux_sel__6'
INFO: [Synth 8-3886] merging instance 'i_0/u_ping_pong/ram_reg_mux_sel__38' (FD) to 'i_0/u_ping_pong/ram_reg_mux_sel__22'
WARNING: [Synth 8-3332] Sequential element (u_ping_pong/ram_reg_mux_sel__7) is unused and will be removed from module top.
WARNING: [Synth 8-3332] Sequential element (u_ping_pong/ram_reg_mux_sel__8) is unused and will be removed from module top.
WARNING: [Synth 8-3332] Sequential element (u_ping_pong/ram_reg_mux_sel__9) is unused and will be removed from module top.
WARNING: [Synth 8-3332] Sequential element (u_ping_pong/ram_reg_mux_sel__10) is unused and will be removed from module top.
WARNING: [Synth 8-3332] Sequential element (u_ping_pong/ram_reg_mux_sel__11) is unused and will be removed from module top.
WARNING: [Synth 8-3332] Sequential element (u_ping_pong/ram_reg_mux_sel__12) is unused and will be removed from module top.
WARNING: [Synth 8-3332] Sequential element (u_ping_pong/ram_reg_mux_sel__13) is unused and will be removed from module top.
WARNING: [Synth 8-3332] Sequential element (u_ping_pong/ram_reg_mux_sel__14) is unused and will be removed from module top.
WARNING: [Synth 8-3332] Sequential element (u_ping_pong/ram_reg_mux_sel__23) is unused and will be removed from module top.
WARNING: [Synth 8-3332] Sequential element (u_ping_pong/ram_reg_mux_sel__24) is unused and will be removed from module top.
WARNING: [Synth 8-3332] Sequential element (u_ping_pong/ram_reg_mux_sel__25) is unused and will be removed from module top.
WARNING: [Synth 8-3332] Sequential element (u_ping_pong/ram_reg_mux_sel__26) is unused and will be removed from module top.
WARNING: [Synth 8-3332] Sequential element (u_ping_pong/ram_reg_mux_sel__27) is unused and will be removed from module top.
WARNING: [Synth 8-3332] Sequential element (u_ping_pong/ram_reg_mux_sel__28) is unused and will be removed from module top.
WARNING: [Synth 8-3332] Sequential element (u_ping_pong/ram_reg_mux_sel__29) is unused and will be removed from module top.
WARNING: [Synth 8-3332] Sequential element (u_ping_pong/ram_reg_mux_sel__30) is unused and will be removed from module top.
WARNING: [Synth 8-3332] Sequential element (u_ping_pong/ram_reg_mux_sel__39) is unused and will be removed from module top.
WARNING: [Synth 8-3332] Sequential element (u_ping_pong/ram_reg_mux_sel__40) is unused and will be removed from module top.
WARNING: [Synth 8-3332] Sequential element (u_ping_pong/ram_reg_mux_sel__41) is unused and will be removed from module top.
WARNING: [Synth 8-3332] Sequential element (u_ping_pong/ram_reg_mux_sel__42) is unused and will be removed from module top.
WARNING: [Synth 8-3332] Sequential element (u_ping_pong/ram_reg_mux_sel__43) is unused and will be removed from module top.
WARNING: [Synth 8-3332] Sequential element (u_ping_pong/ram_reg_mux_sel__44) is unused and will be removed from module top.
WARNING: [Synth 8-3332] Sequential element (u_ping_pong/ram_reg_mux_sel__45) is unused and will be removed from module top.
WARNING: [Synth 8-3332] Sequential element (u_ping_pong/ram_reg_mux_sel__46) is unused and will be removed from module top.
WARNING: [Synth 8-3332] Sequential element (u_frame_sync/magic_buffer_reg[31]) is unused and will be removed from module top.
WARNING: [Synth 8-3332] Sequential element (u_frame_sync/magic_buffer_reg[30]) is unused and will be removed from module top.
WARNING: [Synth 8-3332] Sequential element (u_frame_sync/magic_buffer_reg[29]) is unused and will be removed from module top.
WARNING: [Synth 8-3332] Sequential element (u_frame_sync/magic_buffer_reg[28]) is unused and will be removed from module top.
WARNING: [Synth 8-3332] Sequential element (u_frame_sync/magic_buffer_reg[27]) is unused and will be removed from module top.
WARNING: [Synth 8-3332] Sequential element (u_frame_sync/magic_buffer_reg[26]) is unused and will be removed from module top.
WARNING: [Synth 8-3332] Sequential element (u_frame_sync/magic_buffer_reg[25]) is unused and will be removed from module top.
WARNING: [Synth 8-3332] Sequential element (u_frame_sync/magic_buffer_reg[24]) is unused and will be removed from module top.
WARNING: [Synth 8-3332] Sequential element (u_frame_sync/pixel_data_reg[1]) is unused and will be removed from module top.
WARNING: [Synth 8-3332] Sequential element (u_frame_sync/pixel_data_reg[0]) is unused and will be removed from module top.
---------------------------------------------------------------------------------
Finished Cross Boundary and Area Optimization : Time (s): cpu = 00:00:03 ; elapsed = 00:00:09 . Memory (MB): peak = 843.473 ; gain = 497.176
---------------------------------------------------------------------------------
---------------------------------------------------------------------------------
Start ROM, RAM, DSP and Shift Register Reporting
---------------------------------------------------------------------------------

Block RAM: Preliminary Mapping  Report (see note below)
+---------------+------------+------------------------+---+---+------------------------+---+---+------------------+--------+--------+
|Module Name    | RTL Object | PORT A (Depth x Width) | W | R | PORT B (Depth x Width) | W | R | Ports driving FF | RAMB18 | RAMB36 | 
+---------------+------------+------------------------+---+---+------------------------+---+---+------------------+--------+--------+
|ping_pong_ram: | ram_reg    | 256 K x 8(NO_CHANGE)   | W |   | 256 K x 8(WRITE_FIRST) |   | R | Port A and B     | 0      | 40     | 
+---------------+------------+------------------------+---+---+------------------------+---+---+------------------+--------+--------+

Note: The tale above is a preliminary report that shows the Block RAMs at the current stage of the synthesis flow. Some Block RAMs may be reimplemented as non Block RAM primitives later in the synthesis flow. Multiple instantiated Block RAMs are reported only once. 
---------------------------------------------------------------------------------
Finished ROM, RAM, DSP and Shift Register Reporting
---------------------------------------------------------------------------------
INFO: [Synth 8-4480] The timing for the instance i_0/u_ping_pong/ram_reg_1_2 (implemented as a block RAM) might be sub-optimal as no optional output register could be merged into the block ram. Providing additional output register may help in improving timing.
INFO: [Synth 8-4480] The timing for the instance i_0/u_ping_pong/ram_reg_1_3 (implemented as a block RAM) might be sub-optimal as no optional output register could be merged into the block ram. Providing additional output register may help in improving timing.
INFO: [Synth 8-4480] The timing for the instance i_0/u_ping_pong/ram_reg_1_4 (implemented as a block RAM) might be sub-optimal as no optional output register could be merged into the block ram. Providing additional output register may help in improving timing.
INFO: [Synth 8-4480] The timing for the instance i_0/u_ping_pong/ram_reg_1_5 (implemented as a block RAM) might be sub-optimal as no optional output register could be merged into the block ram. Providing additional output register may help in improving timing.
INFO: [Synth 8-4480] The timing for the instance i_0/u_ping_pong/ram_reg_1_6 (implemented as a block RAM) might be sub-optimal as no optional output register could be merged into the block ram. Providing additional output register may help in improving timing.
INFO: [Synth 8-4480] The timing for the instance i_0/u_ping_pong/ram_reg_1_7 (implemented as a block RAM) might be sub-optimal as no optional output register could be merged into the block ram. Providing additional output register may help in improving timing.
INFO: [Synth 8-4480] The timing for the instance i_0/u_ping_pong/ram_reg_3_2 (implemented as a block RAM) might be sub-optimal as no optional output register could be merged into the block ram. Providing additional output register may help in improving timing.
INFO: [Synth 8-4480] The timing for the instance i_0/u_ping_pong/ram_reg_3_3 (implemented as a block RAM) might be sub-optimal as no optional output register could be merged into the block ram. Providing additional output register may help in improving timing.
INFO: [Synth 8-4480] The timing for the instance i_0/u_ping_pong/ram_reg_3_4 (implemented as a block RAM) might be sub-optimal as no optional output register could be merged into the block ram. Providing additional output register may help in improving timing.
INFO: [Synth 8-4480] The timing for the instance i_0/u_ping_pong/ram_reg_3_5 (implemented as a block RAM) might be sub-optimal as no optional output register could be merged into the block ram. Providing additional output register may help in improving timing.
INFO: [Synth 8-4480] The timing for the instance i_0/u_ping_pong/ram_reg_3_6 (implemented as a block RAM) might be sub-optimal as no optional output register could be merged into the block ram. Providing additional output register may help in improving timing.
INFO: [Synth 8-4480] The timing for the instance i_0/u_ping_pong/ram_reg_3_7 (implemented as a block RAM) might be sub-optimal as no optional output register could be merged into the block ram. Providing additional output register may help in improving timing.
INFO: [Synth 8-4480] The timing for the instance i_0/u_ping_pong/ram_reg_2_2__0 (implemented as a block RAM) might be sub-optimal as no optional output register could be merged into the block ram. Providing additional output register may help in improving timing.
INFO: [Synth 8-4480] The timing for the instance i_0/u_ping_pong/ram_reg_2_3__0 (implemented as a block RAM) might be sub-optimal as no optional output register could be merged into the block ram. Providing additional output register may help in improving timing.
INFO: [Synth 8-4480] The timing for the instance i_0/u_ping_pong/ram_reg_2_4__0 (implemented as a block RAM) might be sub-optimal as no optional output register could be merged into the block ram. Providing additional output register may help in improving timing.
INFO: [Synth 8-4480] The timing for the instance i_0/u_ping_pong/ram_reg_2_5__0 (implemented as a block RAM) might be sub-optimal as no optional output register could be merged into the block ram. Providing additional output register may help in improving timing.
INFO: [Synth 8-4480] The timing for the instance i_0/u_ping_pong/ram_reg_2_6__0 (implemented as a block RAM) might be sub-optimal as no optional output register could be merged into the block ram. Providing additional output register may help in improving timing.
INFO: [Synth 8-4480] The timing for the instance i_0/u_ping_pong/ram_reg_2_7__0 (implemented as a block RAM) might be sub-optimal as no optional output register could be merged into the block ram. Providing additional output register may help in improving timing.

Report RTL Partitions: 
+-+--------------+------------+----------+
| |RTL Partition |Replication |Instances |
+-+--------------+------------+----------+
+-+--------------+------------+----------+
---------------------------------------------------------------------------------
Start Applying XDC Timing Constraints
---------------------------------------------------------------------------------
INFO: [Synth 8-5578] Moved timing constraint from pin 'clk_gen/clk_out1' to pin 'clk_gen/bbstub_clk_out1/O'
INFO: [Synth 8-5578] Moved timing constraint from pin 'clk_gen/clk_out2' to pin 'clk_gen/bbstub_clk_out2/O'
INFO: [Synth 8-5819] Moved 2 constraints on hierarchical pins to their respective driving/loading pins
---------------------------------------------------------------------------------
Finished Applying XDC Timing Constraints : Time (s): cpu = 00:00:05 ; elapsed = 00:00:13 . Memory (MB): peak = 843.473 ; gain = 497.176
---------------------------------------------------------------------------------
---------------------------------------------------------------------------------
Start Timing Optimization
---------------------------------------------------------------------------------
---------------------------------------------------------------------------------
Finished Timing Optimization : Time (s): cpu = 00:00:05 ; elapsed = 00:00:13 . Memory (MB): peak = 843.473 ; gain = 497.176
---------------------------------------------------------------------------------
---------------------------------------------------------------------------------
Start ROM, RAM, DSP and Shift Register Reporting
---------------------------------------------------------------------------------

Block RAM: Final Mapping  Report
+---------------+------------+------------------------+---+---+------------------------+---+---+------------------+--------+--------+
|Module Name    | RTL Object | PORT A (Depth x Width) | W | R | PORT B (Depth x Width) | W | R | Ports driving FF | RAMB18 | RAMB36 | 
+---------------+------------+------------------------+---+---+------------------------+---+---+------------------+--------+--------+
|ping_pong_ram: | ram_reg    | 256 K x 8(NO_CHANGE)   | W |   | 256 K x 8(WRITE_FIRST) |   | R | Port A and B     | 0      | 40     | 
+---------------+------------+------------------------+---+---+------------------------+---+---+------------------+--------+--------+

---------------------------------------------------------------------------------
Finished ROM, RAM, DSP and Shift Register Reporting
---------------------------------------------------------------------------------

Report RTL Partitions: 
+-+--------------+------------+----------+
| |RTL Partition |Replication |Instances |
+-+--------------+------------+----------+
+-+--------------+------------+----------+
---------------------------------------------------------------------------------
Start Technology Mapping
---------------------------------------------------------------------------------
INFO: [Synth 8-4480] The timing for the instance u_ping_pong/ram_reg_1_2 (implemented as a block RAM) might be sub-optimal as no optional output register could be merged into the block ram. Providing additional output register may help in improving timing.
INFO: [Synth 8-4480] The timing for the instance u_ping_pong/ram_reg_1_3 (implemented as a block RAM) might be sub-optimal as no optional output register could be merged into the block ram. Providing additional output register may help in improving timing.
INFO: [Synth 8-4480] The timing for the instance u_ping_pong/ram_reg_1_4 (implemented as a block RAM) might be sub-optimal as no optional output register could be merged into the block ram. Providing additional output register may help in improving timing.
INFO: [Synth 8-4480] The timing for the instance u_ping_pong/ram_reg_1_5 (implemented as a block RAM) might be sub-optimal as no optional output register could be merged into the block ram. Providing additional output register may help in improving timing.
INFO: [Synth 8-4480] The timing for the instance u_ping_pong/ram_reg_1_6 (implemented as a block RAM) might be sub-optimal as no optional output register could be merged into the block ram. Providing additional output register may help in improving timing.
INFO: [Synth 8-4480] The timing for the instance u_ping_pong/ram_reg_1_7 (implemented as a block RAM) might be sub-optimal as no optional output register could be merged into the block ram. Providing additional output register may help in improving timing.
INFO: [Synth 8-4480] The timing for the instance u_ping_pong/ram_reg_3_2 (implemented as a block RAM) might be sub-optimal as no optional output register could be merged into the block ram. Providing additional output register may help in improving timing.
INFO: [Synth 8-4480] The timing for the instance u_ping_pong/ram_reg_3_3 (implemented as a block RAM) might be sub-optimal as no optional output register could be merged into the block ram. Providing additional output register may help in improving timing.
INFO: [Synth 8-4480] The timing for the instance u_ping_pong/ram_reg_3_4 (implemented as a block RAM) might be sub-optimal as no optional output register could be merged into the block ram. Providing additional output register may help in improving timing.
INFO: [Synth 8-4480] The timing for the instance u_ping_pong/ram_reg_3_5 (implemented as a block RAM) might be sub-optimal as no optional output register could be merged into the block ram. Providing additional output register may help in improving timing.
INFO: [Synth 8-4480] The timing for the instance u_ping_pong/ram_reg_3_6 (implemented as a block RAM) might be sub-optimal as no optional output register could be merged into the block ram. Providing additional output register may help in improving timing.
INFO: [Synth 8-4480] The timing for the instance u_ping_pong/ram_reg_3_7 (implemented as a block RAM) might be sub-optimal as no optional output register could be merged into the block ram. Providing additional output register may help in improving timing.
INFO: [Synth 8-4480] The timing for the instance u_ping_pong/ram_reg_2_2__0 (implemented as a block RAM) might be sub-optimal as no optional output register could be merged into the block ram. Providing additional output register may help in improving timing.
INFO: [Synth 8-4480] The timing for the instance u_ping_pong/ram_reg_2_3__0 (implemented as a block RAM) might be sub-optimal as no optional output register could be merged into the block ram. Providing additional output register may help in improving timing.
INFO: [Synth 8-4480] The timing for the instance u_ping_pong/ram_reg_2_4__0 (implemented as a block RAM) might be sub-optimal as no optional output register could be merged into the block ram. Providing additional output register may help in improving timing.
INFO: [Synth 8-4480] The timing for the instance u_ping_pong/ram_reg_2_5__0 (implemented as a block RAM) might be sub-optimal as no optional output register could be merged into the block ram. Providing additional output register may help in improving timing.
INFO: [Synth 8-4480] The timing for the instance u_ping_pong/ram_reg_2_6__0 (implemented as a block RAM) might be sub-optimal as no optional output register could be merged into the block ram. Providing additional output register may help in improving timing.
INFO: [Synth 8-4480] The timing for the instance u_ping_pong/ram_reg_2_7__0 (implemented as a block RAM) might be sub-optimal as no optional output register could be merged into the block ram. Providing additional output register may help in improving timing.
---------------------------------------------------------------------------------
Finished Technology Mapping : Time (s): cpu = 00:00:05 ; elapsed = 00:00:13 . Memory (MB): peak = 858.246 ; gain = 511.949
---------------------------------------------------------------------------------

Report RTL Partitions: 
+-+--------------+------------+----------+
| |RTL Partition |Replication |Instances |
+-+--------------+------------+----------+
+-+--------------+------------+----------+
---------------------------------------------------------------------------------
Start IO Insertion
---------------------------------------------------------------------------------
---------------------------------------------------------------------------------
Start Flattening Before IO Insertion
---------------------------------------------------------------------------------
---------------------------------------------------------------------------------
Finished Flattening Before IO Insertion
---------------------------------------------------------------------------------
---------------------------------------------------------------------------------
Start Final Netlist Cleanup
---------------------------------------------------------------------------------
INFO: [Synth 8-6064] Net n_0_182 is driving 48 big block pins (URAM, BRAM and DSP loads). Created 5 replicas of its driver. 
INFO: [Synth 8-6064] Net n_0_168 is driving 48 big block pins (URAM, BRAM and DSP loads). Created 5 replicas of its driver. 
---------------------------------------------------------------------------------
Finished Final Netlist Cleanup
---------------------------------------------------------------------------------
---------------------------------------------------------------------------------
Finished IO Insertion : Time (s): cpu = 00:00:05 ; elapsed = 00:00:14 . Memory (MB): peak = 858.246 ; gain = 511.949
---------------------------------------------------------------------------------

Report Check Netlist: 
+------+------------------+-------+---------+-------+------------------+
|      |Item              |Errors |Warnings |Status |Description       |
+------+------------------+-------+---------+-------+------------------+
|1     |multi_driven_nets |      0|        0|Passed |Multi driven nets |
+------+------------------+-------+---------+-------+------------------+
---------------------------------------------------------------------------------
Start Renaming Generated Instances
---------------------------------------------------------------------------------
---------------------------------------------------------------------------------
Finished Renaming Generated Instances : Time (s): cpu = 00:00:05 ; elapsed = 00:00:14 . Memory (MB): peak = 858.246 ; gain = 511.949
---------------------------------------------------------------------------------

Report RTL Partitions: 
+-+--------------+------------+----------+
| |RTL Partition |Replication |Instances |
+-+--------------+------------+----------+
+-+--------------+------------+----------+
---------------------------------------------------------------------------------
Start Rebuilding User Hierarchy
---------------------------------------------------------------------------------
---------------------------------------------------------------------------------
Finished Rebuilding User Hierarchy : Time (s): cpu = 00:00:05 ; elapsed = 00:00:14 . Memory (MB): peak = 858.246 ; gain = 511.949
---------------------------------------------------------------------------------
---------------------------------------------------------------------------------
Start Renaming Generated Ports
---------------------------------------------------------------------------------
---------------------------------------------------------------------------------
Finished Renaming Generated Ports : Time (s): cpu = 00:00:05 ; elapsed = 00:00:14 . Memory (MB): peak = 858.246 ; gain = 511.949
---------------------------------------------------------------------------------
---------------------------------------------------------------------------------
Start Handling Custom Attributes
---------------------------------------------------------------------------------
---------------------------------------------------------------------------------
Finished Handling Custom Attributes : Time (s): cpu = 00:00:05 ; elapsed = 00:00:14 . Memory (MB): peak = 858.246 ; gain = 511.949
---------------------------------------------------------------------------------
---------------------------------------------------------------------------------
Start Renaming Generated Nets
---------------------------------------------------------------------------------
---------------------------------------------------------------------------------
Finished Renaming Generated Nets : Time (s): cpu = 00:00:05 ; elapsed = 00:00:14 . Memory (MB): peak = 858.246 ; gain = 511.949
---------------------------------------------------------------------------------
---------------------------------------------------------------------------------
Start Writing Synthesis Report
---------------------------------------------------------------------------------

Report BlackBoxes: 
+------+--------------+----------+
|      |BlackBox name |Instances |
+------+--------------+----------+
|1     |clk_wiz_0     |         1|
+------+--------------+----------+

Report Cell Usage: 
+------+-----------+------+
|      |Cell       |Count |
+------+-----------+------+
|1     |clk_wiz_0  |     1|
|2     |CARRY4     |    19|
|3     |LUT1       |     2|
|4     |LUT2       |    43|
|5     |LUT3       |    51|
|6     |LUT4       |    28|
|7     |LUT5       |    27|
|8     |LUT6       |    45|
|9     |RAMB36E1   |    12|
|10    |RAMB36E1_1 |    12|
|11    |RAMB36E1_2 |     6|
|12    |FDCE       |    20|
|13    |FDRE       |   110|
|14    |IBUF       |     2|
|15    |OBUF       |    22|
+------+-----------+------+

Report Instance Areas: 
+------+---------------+-----------------------+------+
|      |Instance       |Module                 |Cells |
+------+---------------+-----------------------+------+
|1     |top            |                       |   402|
|2     |  u_frame_sync |frame_sync             |    91|
|3     |  u_ping_pong  |ping_pong_ram          |   128|
|4     |  u_uart_rx    |uart_rx                |    85|
|5     |  u_vga        |vga_controller_640x480 |    71|
+------+---------------+-----------------------+------+
---------------------------------------------------------------------------------
Finished Writing Synthesis Report : Time (s): cpu = 00:00:05 ; elapsed = 00:00:14 . Memory (MB): peak = 858.246 ; gain = 511.949
---------------------------------------------------------------------------------
Synthesis finished with 0 errors, 0 critical warnings and 34 warnings.
Synthesis Optimization Runtime : Time (s): cpu = 00:00:03 ; elapsed = 00:00:09 . Memory (MB): peak = 858.246 ; gain = 192.656
Synthesis Optimization Complete : Time (s): cpu = 00:00:06 ; elapsed = 00:00:14 . Memory (MB): peak = 858.246 ; gain = 511.949
INFO: [Project 1-571] Translating synthesized netlist
INFO: [Netlist 29-17] Analyzing 51 Unisim elements for replacement
INFO: [Netlist 29-28] Unisim Transformation completed in 0 CPU seconds
INFO: [Project 1-570] Preparing netlist for logic optimization
INFO: [Opt 31-138] Pushed 0 inverter(s) to 0 load pin(s).
INFO: [Project 1-111] Unisim Transformation Summary:
No Unisim elements were transformed.

INFO: [Common 17-83] Releasing license: Synthesis
107 Infos, 39 Warnings, 0 Critical Warnings and 0 Errors encountered.
synth_design completed successfully
synth_design: Time (s): cpu = 00:00:07 ; elapsed = 00:00:16 . Memory (MB): peak = 858.246 ; gain = 523.457
WARNING: [Constraints 18-5210] No constraint will be written out.
INFO: [Common 17-1381] The checkpoint 'C:/Mowahhid/Projects_Repo/basys3_video_processor/fpga/video-processor/video-processor.runs/synth_1/top.dcp' has been generated.
INFO: [runtcl-4] Executing : report_utilization -file top_utilization_synth.rpt -pb top_utilization_synth.pb
report_utilization: Time (s): cpu = 00:00:00 ; elapsed = 00:00:00.010 . Memory (MB): peak = 858.246 ; gain = 0.000
INFO: [Common 17-206] Exiting Vivado at Thu Dec 11 04:59:41 2025...
